// Jest Snapshot v1, https://goo.gl/fbAQLP

exports[`braid-design-system should generate the expected files 1`] = `
Object {
  "externals.json": "[
  \\"fs\\",
  \\"path\\",
  \\"react\\",
  \\"react-dom/server\\"
]",
  "jobStreet/index.html": 
<!DOCTYPE html>
<html>
  <head>
    <meta charset="UTF-8">
    <title>
      My Awesome Project
    </title>
    <meta name="viewport"
          content="width=device-width, initial-scale=1"
    >
    <link data-chunk="main"
          rel="stylesheet"
          href="https://somecdn.com/vendors~main-086f764b6b3607b25afb.css"
    >
    <link data-chunk="braid-design-system-themes-jobStreet"
          rel="stylesheet"
          href="https://somecdn.com/vendors~braid-design-system-themes-jobStreet-3981b2e33c27684496cd.css"
    >
    <link data-chunk="main"
          rel="preload"
          as="script"
          href="https://somecdn.com/runtime-ca98467a7755e73da7f7.js"
          crossorigin="anonymous"
    >
    <link data-chunk="main"
          rel="preload"
          as="script"
          href="https://somecdn.com/vendors~main-9ba7bfb0e9e9d4e29aea.js"
          crossorigin="anonymous"
    >
    <link data-chunk="main"
          rel="preload"
          as="script"
          href="https://somecdn.com/main-f826bb1492c310d7ba26.js"
          crossorigin="anonymous"
    >
    <link data-chunk="braid-design-system-themes-jobStreet"
          rel="preload"
          as="script"
          href="https://somecdn.com/vendors~braid-design-system-themes-jobStreet-09f2e2b2ce8166692790.js"
          crossorigin="anonymous"
    >
    <script>
      window.SKU_SITE = 'jobStreet';
    </script>
  </head>
  <body>
    <div id="app">
      <div class="_3lc311G _3DyNnTW wBZFtYB _1TkHDDW _3HEs-S- _2P0kF3w _2oY7eBs">
        Hello
        jobStreet
        <div class="HaEqn2s okvXM2a _2oY7eBs">
          <svg width="16"
               height="16"
               viewbox="0 0 1024 1024"
               class="_2nGaB _1uz0K_xT _1wCDcfv _3zOi8iv"
          >
            <path d="M945 266l78 67-510 524-510-524 75-69 435 451 432-449z">
            </path>
          </svg>
        </div>
      </div>
      <div class="_229asV3 _2oY7eBs">
        <div class="_27TF7A6 _2xvFrBC _2824VQ3 _30s6Mt7 _3Qi1b6K _2oY7eBs">
          <div>
            <input type="checkbox"
                   class="_1oQSh2m"
                   id="id_1"
                   aria-describedby="id_1-message"
            >
            <div class="_1WIkhn_">
              <label class="_2TOJ8vh _3FK76Tr"
                     for="id_1"
              >
                <div class="EKNisOw _2uiKUz8 _12nHwq- _36fDV23 _2oY7eBs"
                     style="width:24px;height:24px;margin-top:10px"
                >
                  <div class="_2QFvL6i NPf1vWO _12nHwq- NPf1vWO _2oY7eBs">
                  </div>
                  <div class="_2QFvL6i _10597UX _2C9hdfF _12nHwq- _2C9hdfF _2oY7eBs">
                  </div>
                  <div class="_2QFvL6i _2rGV2RP _3Qz5ZZ1 _12nHwq- _3Qz5ZZ1 _125NlJW _2oY7eBs">
                  </div>
                  <div class="_2QFvL6i _2sqCI5f c4k4BcP _12nHwq- _125NlJW _2oY7eBs">
                  </div>
                  <div class="_2QFvL6i _3ddpN8u _30p89-W NPf1vWO _12nHwq- NPf1vWO _125NlJW _2oY7eBs">
                  </div>
                  <div class="_2QFvL6i U61AQmG fx-ZG-7 _12nHwq- fx-ZG-7 _125NlJW _2oY7eBs"
                       style="opacity:0"
                  >
                  </div>
                  <div class="_2EVIIjs _125NlJW TAQB7pN _2oY7eBs">
                    <svg viewbox="90.471 302.809 823 823"
                         width="16"
                         height="16"
                         class="JKAIx _1y_4hg9 TAQB7pN _5i_EJj2"
                    >
                      <path d="M365.407 1022.185L90.677 747.457l67.883-67.882L365.406 886.42l479.977-479.988 67.883 67.882">
                      </path>
                    </svg>
                  </div>
                </div>
                <div class="_1pQYZ6C _3mGVXh8 _2oY7eBs">
                  <div class="_3lc311G _3DyNnTW wBZFtYB _1TkHDDW _3HEs-S- _2oY7eBs">
                    This is a checkbox
                  </div>
                </div>
              </label>
            </div>
          </div>
        </div>
      </div>
    </div>
    <script>
      window.__SKU_CLIENT_CONTEXT__ = {"site":"jobStreet"};
    </script>
    <script id="__LOADABLE_REQUIRED_CHUNKS__"
            type="application/json"
            crossorigin="anonymous"
    >
      [0]
    </script>
    <script async
            data-chunk="main"
            src="https://somecdn.com/runtime-ca98467a7755e73da7f7.js"
            crossorigin="anonymous"
    >
    </script>
    <script async
            data-chunk="main"
            src="https://somecdn.com/vendors~main-9ba7bfb0e9e9d4e29aea.js"
            crossorigin="anonymous"
    >
    </script>
    <script async
            data-chunk="main"
            src="https://somecdn.com/main-f826bb1492c310d7ba26.js"
            crossorigin="anonymous"
    >
    </script>
    <script async
            data-chunk="braid-design-system-themes-jobStreet"
            src="https://somecdn.com/vendors~braid-design-system-themes-jobStreet-09f2e2b2ce8166692790.js"
            crossorigin="anonymous"
    >
    </script>
  </body>
</html>
,
  "main-f826bb1492c310d7ba26.js": "CONTENTS IGNORED IN SNAPSHOT TEST",
  "runtime-ca98467a7755e73da7f7.js": "CONTENTS IGNORED IN SNAPSHOT TEST",
  "seekAnz/index.html": 
<!DOCTYPE html>
<html>
  <head>
    <meta charset="UTF-8">
    <title>
      My Awesome Project
    </title>
    <meta name="viewport"
          content="width=device-width, initial-scale=1"
    >
    <link data-chunk="main"
          rel="stylesheet"
          href="https://somecdn.com/vendors~main-086f764b6b3607b25afb.css"
    >
    <link data-chunk="braid-design-system-themes-seekAnz"
          rel="stylesheet"
          href="https://somecdn.com/vendors~braid-design-system-themes-seekAnz-ce00dddd671fd9053180.css"
    >
    <link data-chunk="main"
          rel="preload"
          as="script"
          href="https://somecdn.com/runtime-ca98467a7755e73da7f7.js"
          crossorigin="anonymous"
    >
    <link data-chunk="main"
          rel="preload"
          as="script"
          href="https://somecdn.com/vendors~main-9ba7bfb0e9e9d4e29aea.js"
          crossorigin="anonymous"
    >
    <link data-chunk="main"
          rel="preload"
          as="script"
          href="https://somecdn.com/main-f826bb1492c310d7ba26.js"
          crossorigin="anonymous"
    >
    <link data-chunk="braid-design-system-themes-seekAnz"
          rel="preload"
          as="script"
          href="https://somecdn.com/vendors~braid-design-system-themes-seekAnz-704b95b39c29c55984d1.js"
          crossorigin="anonymous"
    >
    <script>
      window.SKU_SITE = 'seekAnz';
    </script>
  </head>
  <body>
    <div id="app">
      <div class="_3lc311G _32FtM0t _3tnzQi2 _2XGpPEA _3bMfHSy mG1wkyG _2oY7eBs">
        Hello
        seekAnz
        <div class="HaEqn2s okvXM2a _2oY7eBs">
          <svg width="16"
               height="16"
               viewbox="0 0 1024 1024"
               class="_2nGaB _1uz0K_3sK _36wGlx1 _18xKQlI"
          >
            <path d="M945 266l78 67-510 524-510-524 75-69 435 451 432-449z">
            </path>
          </svg>
        </div>
      </div>
      <div class="_1mSIxf2 _2oY7eBs">
        <div class="_3-m0JFq _3fZWXPQ _2vHtVP5 y-ma1r1 _2vaUzu9 _2oY7eBs">
          <div>
            <input type="checkbox"
                   class="_1oQSh2m"
                   id="id_1"
                   aria-describedby="id_1-message"
            >
            <div class="_1WIkhn_">
              <label class="_2TOJ8vh _3FK76Tr"
                     for="id_1"
              >
                <div class="EKNisOw _2jSzQzf _2-xoAp9 _1mP8-p2 _2oY7eBs"
                     style="width:30px;height:30px;margin-top:9px"
                >
                  <div class="_2QFvL6i uPlGdtW _2-xoAp9 uPlGdtW _2oY7eBs">
                  </div>
                  <div class="_2QFvL6i _10597UX _1cCXRHc _2-xoAp9 _1cCXRHc _2oY7eBs">
                  </div>
                  <div class="_2QFvL6i _2rGV2RP _2hR0x5f _2-xoAp9 _2hR0x5f z4E71gw _2oY7eBs">
                  </div>
                  <div class="_2QFvL6i _2sqCI5f _3UZrlBL _2-xoAp9 z4E71gw _2oY7eBs">
                  </div>
                  <div class="_2QFvL6i _3ddpN8u _1SjMIr3 uPlGdtW _2-xoAp9 uPlGdtW z4E71gw _2oY7eBs">
                  </div>
                  <div class="_2QFvL6i U61AQmG uK2PFKF _2-xoAp9 uK2PFKF z4E71gw _2oY7eBs"
                       style="opacity:0"
                  >
                  </div>
                  <div class="_2EVIIjs z4E71gw _7IBTr7P _2oY7eBs">
                    <svg viewbox="90.471 302.809 823 823"
                         width="16"
                         height="16"
                         class="JKAIx _2k9XWOC _7IBTr7P _11QgpkT"
                    >
                      <path d="M365.407 1022.185L90.677 747.457l67.883-67.882L365.406 886.42l479.977-479.988 67.883 67.882">
                      </path>
                    </svg>
                  </div>
                </div>
                <div class="_2kmuZJ6 _1Qk2uli _2oY7eBs">
                  <div class="_3lc311G _32FtM0t _3tnzQi2 _2XGpPEA _3bMfHSy _2oY7eBs">
                    This is a checkbox
                  </div>
                </div>
              </label>
            </div>
          </div>
        </div>
      </div>
    </div>
    <script>
      window.__SKU_CLIENT_CONTEXT__ = {"site":"seekAnz"};
    </script>
    <script id="__LOADABLE_REQUIRED_CHUNKS__"
            type="application/json"
            crossorigin="anonymous"
    >
      [1]
    </script>
    <script async
            data-chunk="main"
            src="https://somecdn.com/runtime-ca98467a7755e73da7f7.js"
            crossorigin="anonymous"
    >
    </script>
    <script async
            data-chunk="main"
            src="https://somecdn.com/vendors~main-9ba7bfb0e9e9d4e29aea.js"
            crossorigin="anonymous"
    >
    </script>
    <script async
            data-chunk="main"
            src="https://somecdn.com/main-f826bb1492c310d7ba26.js"
            crossorigin="anonymous"
    >
    </script>
    <script async
            data-chunk="braid-design-system-themes-seekAnz"
            src="https://somecdn.com/vendors~braid-design-system-themes-seekAnz-704b95b39c29c55984d1.js"
            crossorigin="anonymous"
    >
    </script>
  </body>
</html>
,
  "vendors~braid-design-system-themes-jobStreet-09f2e2b2ce8166692790.js": "CONTENTS IGNORED IN SNAPSHOT TEST",
  "vendors~braid-design-system-themes-jobStreet-3981b2e33c27684496cd.css": ._3IiUysg,
._2WCNw0q,
._3LAqmg3,
._2AN0c48,
._3vEQfRp,
._2trBxvL,
._1eL7GTN,
._2TOt0dl,
._3qmSVIt,
._1_nUkyU,
._2_WihXZ,
._2ojmSRG,
._2OgNSLV,
._3-Bbmhp,
._112OfWK,
._1g1DJL0,
._3RcCdvw,
._15efk9s,
.mfwkjSB,
._2ibAU8h,
._3BI4WO0,
._3ICvoBB,
._2oY7eBs,
._3thgM40,
._1MGtKSw,
._1U3x5ln,
._1MqFTwl,
._2fYF4lo,
._2sDccJx,
._11NzP02,
._2Lwah7w,
._4P8f6gO,
._1tV8u3A,
._3SiKRpv,
._2KgtkWp,
._3gCqJVq,
._1RhvqbX,
._3f95heZ,
._1AY55lW,
._2oTlOI9,
._2ixMIHY,
._2OnDc7W,
._2g0nR3q,
._26bhdaL,
.fa9mJ1F,
._2wa5brK,
._1lm-l5H,
._3FK76Tr,
._2TjyCgn,
._2v89aJ_,
.DoPP1qq,
._1Edrobi,
._1yRM2wC,
._1IhnU-p,
._4diPrFH,
._-7QbC7s,
.JjROhPr,
._3llRwqo,
._23DwT9L,
._33oqQo2,
._2fO5UlH,
._3fBDMQ0,
._3xWreXo,
._31AvE1E,
.gwBaSw8,
._1FpPa02,
._1eMKFSn,
._3DOO473,
._3q6Ds3F,
.Q3O5KmD,
._3CmJ7Kl,
._1v16zEs,
.dKpIASS,
._1WDu6Wh,
._3sTrxT7,
._9hFgAfn,
._30uCamc,
.IulIPMv,
.AxDdU_m,
._3RXLvKp,
._3Djm44j,
._1-w6rIh,
.hmMX6s5,
._3BH_6j9 {
  margin: 0;
  padding: 0;
  border: 0;
  box-sizing: border-box;
  font-size: 100%;
  font: inherit;
  vertical-align: baseline;
}
._2trBxvL,
._1eL7GTN,
._3BI4WO0,
._2sDccJx,
._11NzP02,
._2Lwah7w,
._1AY55lW,
._2oTlOI9,
._1Edrobi,
._1yRM2wC,
._3xWreXo {
  display: block;
}
._2ojmSRG {
  line-height: 1;
}
._4diPrFH,
.hmMX6s5 {
  list-style: none;
}
._2_WihXZ,
._23DwT9L {
  quotes: none;
}
._2_WihXZ:after,
._2_WihXZ:before,
._23DwT9L:after,
._23DwT9L:before {
  content: "";
}
._1v16zEs {
  border-collapse: collapse;
  border-spacing: 0;
}
.DoPP1qq {
  background-color: transparent;
  color: inherit;
}
._31AvE1E {
  -webkit-appearance: none;
  -moz-appearance: none;
  appearance: none;
}
._1TkHDDW {
  font-size: 14px;
  line-height: 20px;
}
._2TTLhmN {
  font-size: 16px;
  line-height: 24px;
}
.zLa1vpj {
  font-size: 28px;
  line-height: 36px;
}
.NIdFFbU {
  font-size: 24px;
  line-height: 32px;
}
._2iqdzWE {
  font-size: 20px;
  line-height: 28px;
}
._2uiKUz8 {
  background-color: #fff;
}
._30p89-W {
  background-color: #eee;
}
.c4k4BcP {
  background-color: #142d69;
}
.mUjIJiZ {
  background-color: #102454;
}
._2Mo8ABt {
  background-color: #18367e;
}
.xAe4kSj {
  background-color: #ccc;
}
._1mH6KnQ {
  background-color: #fff200;
}
._1cE_70f {
  background-color: #ccc200;
}
.Ok4OBuh {
  background-color: #e6da00;
}
._36BjuUR {
  background-color: #e8ebf4;
}
._3oAa1Gg {
  background-color: #142d69;
}
._16sJ7UW {
  background-color: #eef2fc;
}
._27TF7A6 {
  background-color: #fff;
}
._2ptbXUD {
  background-color: #eb0000;
}
._2OI-J-H {
  background-color: #fdeded;
}
.H9yC-wq {
  background-color: green;
}
._2VNBzX- {
  background-color: #edfded;
}
._12nHwq- {
  border-radius: 3px;
}
._3Qz5ZZ1 {
  box-shadow: 0 0 0 2px rgba(66, 139, 202, 0.7);
}
.NPf1vWO {
  box-shadow: inset 0 0 0 1px #ccc;
}
.fx-ZG-7 {
  box-shadow: inset 0 0 0 1px #eb0000;
}
._2C9hdfF {
  box-shadow: inset 0 0 0 1px #142d69;
}
.C9dA4hV {
  box-shadow: inset 0 0 0 2px #142d69;
}
.wBZFtYB {
  color: #333;
}
._15zX37L {
  color: #1c3f94;
}
._15zX37L:focus,
._15zX37L:hover {
  color: #142d69;
}
._12OlRps {
  color: #333;
}
._31Z5aoI {
  color: #fff;
}
.Vi3bXyd {
  color: #eb0000;
}
.FsPR7gY {
  color: #d00;
}
._1L5V1o2,
.kh6xcNB {
  color: green;
}
._3TLpk9b {
  color: rgba(51, 51, 51, 0.7);
}
._3dajIFZ,
._3T70oMu,
._1D-Hpso {
  color: #142d69;
}
._2K1zkvJ {
  color: #333;
}
._1wCDcfv {
  fill: currentColor;
}
._2L7OCMY {
  fill: #142d69;
}
._3_1wgEQ {
  fill: #ccc;
}
._1Jfxi3c {
  fill: #eb0000;
}
._3_9v3eR {
  fill: #d00;
}
.RQ-1W1J,
._2GJowDa {
  fill: #142d69;
}
._128lrMS,
.TR_xlNN {
  fill: green;
}
.tSeMlbg {
  fill: rgba(51, 51, 51, 0.7);
}
._1y_4hg9 {
  fill: #fff;
}
._3DyNnTW {
  font-family: Helvetica Neue, HelveticaNeue, Helvetica, Arial, sans-serif;
}
._3HEs-S- {
  font-weight: 400;
}
._2BJRjWH {
  font-weight: 500;
}
._2lLtHZD {
  font-weight: 600;
}
.TAQB7pN {
  width: 100%;
}
._2C1jziV {
  margin-top: 0;
}
.i2lJ9mC {
  margin-top: 4px;
}
._3FPr8uX {
  margin-top: 8px;
}
._2o1jJUT {
  margin-top: 12px;
}
._1fKfnku {
  margin-top: 16px;
}
._3rDWcRU {
  margin-top: 24px;
}
.MFYfIU3 {
  margin-top: 32px;
}
._1AsLqR4 {
  margin-top: 64px;
}
._3ONjh2c {
  margin-right: 0;
}
._2b72afn {
  margin-right: 20px;
}
.JVCco8a {
  margin-right: 4px;
}
.fhPtaTm {
  margin-right: 8px;
}
._36fDV23 {
  margin-right: 12px;
}
._36IqbLU {
  margin-right: 16px;
}
._1D7U2iT {
  margin-right: 24px;
}
._32olJOe {
  margin-right: 32px;
}
._3vRU6Qx {
  margin-right: 64px;
}
._1tFSF72 {
  margin-bottom: 0;
}
._2BC25SC {
  margin-bottom: 4px;
}
._3jywBL6 {
  margin-bottom: 8px;
}
.RvLyxBD {
  margin-bottom: 12px;
}
._2Vo8dRh {
  margin-bottom: 16px;
}
._2UEW7ZW {
  margin-bottom: 24px;
}
._17gtX4b {
  margin-bottom: 32px;
}
._109ZTOq {
  margin-bottom: 64px;
}
._34649Ub {
  margin-left: 0;
}
._1afyq1n {
  margin-left: 20px;
}
._2-MfaSW {
  margin-left: 4px;
}
._3oDPXmW {
  margin-left: 8px;
}
._30M9r4h {
  margin-left: 12px;
}
._3Ave-xM {
  margin-left: 16px;
}
.nG6hi6V {
  margin-left: 24px;
}
._21WM-7y {
  margin-left: 32px;
}
._2OIUuzU {
  margin-left: 64px;
}
._3iVCi-8 {
  padding-top: 0;
}
._1wMkC2w {
  padding-top: 4px;
}
._2JMr_mv {
  padding-top: 8px;
}
._2xvFrBC {
  padding-top: 12px;
}
._3I6_OPw {
  padding-top: 16px;
}
._2niSl_t {
  padding-top: 24px;
}
._1UR87QT {
  padding-top: 32px;
}
.STigppi {
  padding-top: 64px;
}
._1hcTQH- {
  padding-right: 0;
}
._2824VQ3 {
  padding-right: 20px;
}
._2EmrOg1 {
  padding-right: 4px;
}
._2ezkRcf {
  padding-right: 8px;
}
._1yG3YgK {
  padding-right: 12px;
}
._3Eoy7BO {
  padding-right: 16px;
}
.YaNJsa5 {
  padding-right: 24px;
}
.xocdsHp {
  padding-right: 32px;
}
._3CF8xC5 {
  padding-right: 64px;
}
._2ZgWxxq {
  padding-bottom: 0;
}
._2wMEADh {
  padding-bottom: 4px;
}
._1OscAdX {
  padding-bottom: 8px;
}
.PUFbgkn {
  padding-bottom: 12px;
}
._229asV3 {
  padding-bottom: 16px;
}
._30s6Mt7 {
  padding-bottom: 24px;
}
._3cEDwYW {
  padding-bottom: 32px;
}
._3uuJwJC {
  padding-bottom: 64px;
}
._3lDU34t {
  padding-left: 0;
}
._3Qi1b6K {
  padding-left: 20px;
}
._3_tlixz {
  padding-left: 4px;
}
._3NeRmx7 {
  padding-left: 8px;
}
._1bWphEt {
  padding-left: 12px;
}
.KmhjM7M {
  padding-left: 16px;
}
._2FM3J8S {
  padding-left: 24px;
}
._2nfLuJ2 {
  padding-left: 32px;
}
._1nVhgBQ {
  padding-left: 64px;
}
._1pQYZ6C {
  padding-top: 12px;
}
._3mGVXh8 {
  padding-bottom: 12px;
}
._5i_EJj2 {
  display: block;
}
.GY1Sxdy {
  display: inline;
}
._215_4jc {
  display: none;
}
._3zOi8iv {
  display: inline-block;
}
._23090ur {
  display: -webkit-flex;
  display: -ms-flexbox;
  display: flex;
}
._2P0kF3w {
  -webkit-transform: translateY(0.34428571em);
  transform: translateY(0.34428571em);
}
.wiRYZbH {
  -webkit-transform: translateY(0.38em);
  transform: translateY(0.38em);
}
._1XKb5aQ {
  -webkit-transform: translateY(0.27285714em);
  transform: translateY(0.27285714em);
}
._13Rg-zz {
  -webkit-transform: translateY(0.29666667em);
  transform: translateY(0.29666667em);
}
._2ligDNF {
  -webkit-transform: translateY(0.33em);
  transform: translateY(0.33em);
}
._31VKxSL:active {
  -webkit-transform: scale(0.98);
  transform: scale(0.98);
}
._125NlJW {
  transition: opacity 0.125s ease, -webkit-transform 0.125s ease;
  transition: transform 0.125s ease, opacity 0.125s ease;
  transition: transform 0.125s ease, opacity 0.125s ease,
    -webkit-transform 0.125s ease;
}
._3fIRgMX {
  transition: -webkit-transform 0.2s cubic-bezier(0.02, 1.505, 0.745, 1.235);
  transition: transform 0.2s cubic-bezier(0.02, 1.505, 0.745, 1.235);
  transition: transform 0.2s cubic-bezier(0.02, 1.505, 0.745, 1.235),
    -webkit-transform 0.2s cubic-bezier(0.02, 1.505, 0.745, 1.235);
}
._3ZmMJJQ {
  -webkit-flex-direction: row;
  -ms-flex-direction: row;
  flex-direction: row;
}
._32EmE51 {
  -webkit-flex-direction: column;
  -ms-flex-direction: column;
  flex-direction: column;
}
@media screen and (min-width: 768px) {
  ._1TkHDDW {
    font-size: 14px;
    line-height: 20px;
  }
  ._2TTLhmN {
    font-size: 16px;
    line-height: 24px;
  }
  .zLa1vpj {
    font-size: 36px;
    line-height: 44px;
  }
  .NIdFFbU {
    font-size: 30px;
    line-height: 36px;
  }
  ._2iqdzWE {
    font-size: 24px;
    line-height: 32px;
  }
  ._2C71Edu {
    margin-top: 0;
  }
  ._2l0u8yJ {
    margin-top: 4px;
  }
  ._3XNYo6G {
    margin-top: 8px;
  }
  ._12bVGt1 {
    margin-top: 12px;
  }
  ._28ybc0m {
    margin-top: 16px;
  }
  ._3L6LoD_ {
    margin-top: 24px;
  }
  ._1_C1Ceh {
    margin-top: 32px;
  }
  ._9uUEKTS {
    margin-top: 64px;
  }
  ._2LHx3R- {
    margin-right: 0;
  }
  ._1WZyEhO {
    margin-right: 20px;
  }
  ._3RF8IQT {
    margin-right: 4px;
  }
  .JWuAh86 {
    margin-right: 8px;
  }
  ._3zJjT-M {
    margin-right: 12px;
  }
  ._2nYvHBq {
    margin-right: 16px;
  }
  .JGN5XkD {
    margin-right: 24px;
  }
  ._3Wc9sbm {
    margin-right: 32px;
  }
  ._1wqy5yu {
    margin-right: 64px;
  }
  ._168GzNi {
    margin-bottom: 0;
  }
  ._2VfGFOi {
    margin-bottom: 4px;
  }
  ._2m4hskT {
    margin-bottom: 8px;
  }
  ._1nIt17a {
    margin-bottom: 12px;
  }
  .wsb-C3u {
    margin-bottom: 16px;
  }
  ._1E9lEQ1 {
    margin-bottom: 24px;
  }
  ._1Cc95bA {
    margin-bottom: 32px;
  }
  ._2NOY3OW {
    margin-bottom: 64px;
  }
  ._1egfMnr {
    margin-left: 0;
  }
  .tXKsLSR {
    margin-left: 20px;
  }
  ._214RpMz {
    margin-left: 4px;
  }
  ._2Uu18jE {
    margin-left: 8px;
  }
  ._1cwCu_b {
    margin-left: 12px;
  }
  .oUOKlpa {
    margin-left: 16px;
  }
  ._1BAsIDU {
    margin-left: 24px;
  }
  .siDobcJ {
    margin-left: 32px;
  }
  ._2NdiiJ8 {
    margin-left: 64px;
  }
  ._1s_ktfj {
    padding-top: 0;
  }
  ._3eP8Hdd {
    padding-top: 4px;
  }
  ._1E5W5Xi {
    padding-top: 8px;
  }
  ._2mwaOFQ {
    padding-top: 12px;
  }
  ._1mksytx {
    padding-top: 16px;
  }
  ._1sJoMda {
    padding-top: 24px;
  }
  ._2nzwADF {
    padding-top: 32px;
  }
  ._2jrTvmh {
    padding-top: 64px;
  }
  .tvkd_fQ {
    padding-right: 0;
  }
  ._2CXwqvy {
    padding-right: 20px;
  }
  .TR2nCqc {
    padding-right: 4px;
  }
  ._8TQfoQd {
    padding-right: 8px;
  }
  ._3Xat27U {
    padding-right: 12px;
  }
  .HlRQgil {
    padding-right: 16px;
  }
  ._1zPMya0 {
    padding-right: 24px;
  }
  ._27Wuu-c {
    padding-right: 32px;
  }
  ._1rtuKyd {
    padding-right: 64px;
  }
  ._1Bfxq69 {
    padding-bottom: 0;
  }
  ._56Pp9qD {
    padding-bottom: 4px;
  }
  ._32RBflT {
    padding-bottom: 8px;
  }
  ._2U4TvMo {
    padding-bottom: 12px;
  }
  ._3D1NM-g {
    padding-bottom: 16px;
  }
  ._32tl8PK {
    padding-bottom: 24px;
  }
  ._2M3RrRW {
    padding-bottom: 32px;
  }
  ._3n3V6Xn {
    padding-bottom: 64px;
  }
  ._1zknka6 {
    padding-left: 0;
  }
  ._3nXWUTj {
    padding-left: 20px;
  }
  .wcP6b4p {
    padding-left: 4px;
  }
  .yQ50tZC {
    padding-left: 8px;
  }
  ._1KbuNyU {
    padding-left: 12px;
  }
  ._30m45GJ {
    padding-left: 16px;
  }
  ._14HwQrt {
    padding-left: 24px;
  }
  ._2L94Gxl {
    padding-left: 32px;
  }
  ._2DMVbiw {
    padding-left: 64px;
  }
  ._28C-gy- {
    padding-top: 12px;
  }
  ._1ntqOQP {
    padding-bottom: 12px;
  }
  ._2iC4bKF {
    display: block;
  }
  ._3vgJCMc {
    display: inline;
  }
  ._38bbl2P {
    display: none;
  }
  .xVZ46Iv {
    display: inline-block;
  }
  .QoRJZap {
    display: -webkit-flex;
    display: -ms-flexbox;
    display: flex;
  }
  ._1XKb5aQ {
    -webkit-transform: translateY(0.24111111em);
    transform: translateY(0.24111111em);
  }
  ._13Rg-zz {
    -webkit-transform: translateY(0.23em);
    transform: translateY(0.23em);
  }
  ._2ligDNF {
    -webkit-transform: translateY(0.29666667em);
    transform: translateY(0.29666667em);
  }
  ._1YjxRtG {
    -webkit-flex-direction: row;
    -ms-flex-direction: row;
    flex-direction: row;
  }
  ._3CUKV1b {
    -webkit-flex-direction: column;
    -ms-flex-direction: column;
    flex-direction: column;
  }
}
._2nGaB {
  vertical-align: middle;
  position: relative;
  top: -0.105em;
}
.JKAIx {
  height: 100%;
}
._3MXF5 {
  justify-content: flex-end;
}
._3Md34 {
  flex-grow: 1;
}
._3mgra {
  flex-shrink: 0;
  flex-grow: 0;
}
._1uz0K_xT {
  width: 14px;
  height: 14px;
}
._2AzCa_xT {
  width: 16px;
  height: 16px;
}
._1BKBI_xT {
  width: 20px;
  height: 20px;
}
._3ZnXD_xT {
  width: 24px;
  height: 24px;
}
.X_Pz3_xT {
  min-height: 20px;
}
,
  "vendors~braid-design-system-themes-jobStreet.render.js": "CONTENTS IGNORED IN SNAPSHOT TEST",
  "vendors~braid-design-system-themes-jobStreet~braid-design-system-themes-seekAnz~braid-design-system-~34a11ad8.render.js": "CONTENTS IGNORED IN SNAPSHOT TEST",
  "vendors~braid-design-system-themes-seekAnz-704b95b39c29c55984d1.js": "CONTENTS IGNORED IN SNAPSHOT TEST",
  "vendors~braid-design-system-themes-seekAnz-ce00dddd671fd9053180.css": ._3IiUysg,
._2WCNw0q,
._3LAqmg3,
._2AN0c48,
._3vEQfRp,
._2trBxvL,
._1eL7GTN,
._2TOt0dl,
._3qmSVIt,
._1_nUkyU,
._2_WihXZ,
._2ojmSRG,
._2OgNSLV,
._3-Bbmhp,
._112OfWK,
._1g1DJL0,
._3RcCdvw,
._15efk9s,
.mfwkjSB,
._2ibAU8h,
._3BI4WO0,
._3ICvoBB,
._2oY7eBs,
._3thgM40,
._1MGtKSw,
._1U3x5ln,
._1MqFTwl,
._2fYF4lo,
._2sDccJx,
._11NzP02,
._2Lwah7w,
._4P8f6gO,
._1tV8u3A,
._3SiKRpv,
._2KgtkWp,
._3gCqJVq,
._1RhvqbX,
._3f95heZ,
._1AY55lW,
._2oTlOI9,
._2ixMIHY,
._2OnDc7W,
._2g0nR3q,
._26bhdaL,
.fa9mJ1F,
._2wa5brK,
._1lm-l5H,
._3FK76Tr,
._2TjyCgn,
._2v89aJ_,
.DoPP1qq,
._1Edrobi,
._1yRM2wC,
._1IhnU-p,
._4diPrFH,
._-7QbC7s,
.JjROhPr,
._3llRwqo,
._23DwT9L,
._33oqQo2,
._2fO5UlH,
._3fBDMQ0,
._3xWreXo,
._31AvE1E,
.gwBaSw8,
._1FpPa02,
._1eMKFSn,
._3DOO473,
._3q6Ds3F,
.Q3O5KmD,
._3CmJ7Kl,
._1v16zEs,
.dKpIASS,
._1WDu6Wh,
._3sTrxT7,
._9hFgAfn,
._30uCamc,
.IulIPMv,
.AxDdU_m,
._3RXLvKp,
._3Djm44j,
._1-w6rIh,
.hmMX6s5,
._3BH_6j9 {
  margin: 0;
  padding: 0;
  border: 0;
  box-sizing: border-box;
  font-size: 100%;
  font: inherit;
  vertical-align: baseline;
}
._2trBxvL,
._1eL7GTN,
._3BI4WO0,
._2sDccJx,
._11NzP02,
._2Lwah7w,
._1AY55lW,
._2oTlOI9,
._1Edrobi,
._1yRM2wC,
._3xWreXo {
  display: block;
}
._2ojmSRG {
  line-height: 1;
}
._4diPrFH,
.hmMX6s5 {
  list-style: none;
}
._2_WihXZ,
._23DwT9L {
  quotes: none;
}
._2_WihXZ:after,
._2_WihXZ:before,
._23DwT9L:after,
._23DwT9L:before {
  content: "";
}
._1v16zEs {
  border-collapse: collapse;
  border-spacing: 0;
}
.DoPP1qq {
  background-color: transparent;
  color: inherit;
}
._31AvE1E {
  -webkit-appearance: none;
  -moz-appearance: none;
  appearance: none;
}
._2XGpPEA {
  font-size: 16px;
  line-height: 24px;
}
._2Fy6nbm {
  font-size: 18px;
  line-height: 24px;
}
._1rb3prg {
  font-size: 28px;
  line-height: 36px;
}
._1hqcDwO,
._2Ezc0sb {
  font-size: 21px;
  line-height: 30px;
}
._2jSzQzf {
  background-color: #fff;
}
._1SjMIr3 {
  background-color: #eee;
}
._3UZrlBL {
  background-color: #2765cf;
}
._32miqoC {
  background-color: #235bba;
}
._15XTliZ {
  background-color: #3672d9;
}
._GFcG0G {
  background-color: #ccc;
}
._92VI6cq {
  background-color: #e60278;
}
.cwWMp5i {
  background-color: #cd026b;
}
._1UyRdAI {
  background-color: #fd0585;
}
._2hjAAox {
  background-color: #f5f8ff;
}
._1CGU5Vo {
  background-color: #9556b7;
}
._1uvKzax {
  background-color: #f6f1f9;
}
._3-m0JFq {
  background-color: #fff;
}
._1dl10VJ {
  background-color: #e60278;
}
._3ZtKxLR {
  background-color: #fdedf5;
}
._2xwLljc {
  background-color: #169400;
}
._14zcs1L {
  background-color: #effded;
}
._2-xoAp9 {
  border-radius: 4px;
}
._2hR0x5f {
  box-shadow: 0 0 0 2px rgba(30, 144, 255, 0.7);
}
.uPlGdtW {
  box-shadow: inset 0 0 0 1px #d6d6d6;
}
.uK2PFKF {
  box-shadow: inset 0 0 0 1px #e60278;
}
._1cCXRHc {
  box-shadow: inset 0 0 0 1px #2765cf;
}
._2QBqrHm {
  box-shadow: inset 0 0 0 2px #2765cf;
}
._3tnzQi2 {
  color: #1c1c1c;
}
._3D7N4XF {
  color: #2765cf;
}
._3Ie0xbr {
  color: #1c1c1c;
}
._20lC0vP {
  color: #fff;
}
._2zAPUcs {
  color: #e60278;
}
._2olweAY {
  color: #d60170;
}
.y6Z-la- {
  color: #169400;
}
._3cFA0Rf {
  color: #148500;
}
._3RzjZ_- {
  color: rgba(28, 28, 28, 0.63);
}
._22g3k7B {
  color: #9556b7;
}
._2HkQofq {
  color: #9254b4;
}
._1FhP0Xv {
  color: #2765cf;
}
._3ED6u3r {
  color: #fff;
}
._36wGlx1 {
  fill: currentColor;
}
._1LmOO8l {
  fill: #2765cf;
}
.TYTt_9y {
  fill: #ccc;
}
.K6JmfFZ {
  fill: #e60278;
}
._1JdnsRg {
  fill: #d60170;
}
._2PvNBf_ {
  fill: #9556b7;
}
._3sL6p3f {
  fill: #9254b4;
}
._1KCh6Xj {
  fill: #169400;
}
._1mkO1PP {
  fill: #148500;
}
._331zc7t {
  fill: rgba(28, 28, 28, 0.63);
}
._2k9XWOC {
  fill: #fff;
}
._32FtM0t {
  font-family: Roboto, Helvetica Neue, HelveticaNeue, Helvetica, Arial,
    sans-serif;
}
._3bMfHSy {
  font-weight: 400;
}
._3Ay3erx {
  font-weight: 500;
}
.jKD1ELP {
  font-weight: 600;
}
._7IBTr7P {
  width: 100%;
}
._3A6-JjM {
  margin-top: 0;
}
._3I_elgX {
  margin-top: 6px;
}
._3d1wRc2 {
  margin-top: 12px;
}
._121mmZH {
  margin-top: 18px;
}
._3pb0S-E {
  margin-top: 24px;
}
._2pThaq2 {
  margin-top: 36px;
}
._1_mhYcn {
  margin-top: 48px;
}
._1bjuAqR {
  margin-top: 96px;
}
._8OHNOwI {
  margin-right: 0;
}
._17hMx-- {
  margin-right: 25px;
}
._11VSwd5 {
  margin-right: 5px;
}
._3lQmaaR {
  margin-right: 10px;
}
._1mP8-p2 {
  margin-right: 15px;
}
._2nbd0bk {
  margin-right: 20px;
}
._3SGSYDK {
  margin-right: 30px;
}
.imbKMAw {
  margin-right: 40px;
}
._2RQbKzZ {
  margin-right: 80px;
}
._2mMs0Sj {
  margin-bottom: 0;
}
._2AziQEw {
  margin-bottom: 6px;
}
._2hxmA4i {
  margin-bottom: 12px;
}
._49EUJ7M {
  margin-bottom: 18px;
}
.watELGM {
  margin-bottom: 24px;
}
.OUp7p1p {
  margin-bottom: 36px;
}
._3kX05IY {
  margin-bottom: 48px;
}
._1uSqsei {
  margin-bottom: 96px;
}
._1DdNOYd {
  margin-left: 0;
}
._24EBO__ {
  margin-left: 25px;
}
._2sVtc75 {
  margin-left: 5px;
}
._2wvNUgS {
  margin-left: 10px;
}
._3QDQ_2o {
  margin-left: 15px;
}
._39VKCa4 {
  margin-left: 20px;
}
._3b-84E_ {
  margin-left: 30px;
}
._17-jotK {
  margin-left: 40px;
}
._2xdmOEV {
  margin-left: 80px;
}
.Gkm4cHh {
  padding-top: 0;
}
._3abAijG {
  padding-top: 6px;
}
._3gSrojv {
  padding-top: 12px;
}
._3fZWXPQ {
  padding-top: 18px;
}
.NWa_Tr0 {
  padding-top: 24px;
}
._1z_Xl0d {
  padding-top: 36px;
}
.Q58EJk1 {
  padding-top: 48px;
}
._1uAEGbu {
  padding-top: 96px;
}
._3WrVrN- {
  padding-right: 0;
}
._2vHtVP5 {
  padding-right: 25px;
}
._3s-QjGF {
  padding-right: 5px;
}
._4EiYiMB {
  padding-right: 10px;
}
._1z0lnMF {
  padding-right: 15px;
}
._25LWJ_3 {
  padding-right: 20px;
}
._1TG--7h {
  padding-right: 30px;
}
._2TDefGu {
  padding-right: 40px;
}
._1wZkOIr {
  padding-right: 80px;
}
._2p2detD {
  padding-bottom: 0;
}
._2jLGJcp {
  padding-bottom: 6px;
}
._28fh0Yv {
  padding-bottom: 12px;
}
._4GSjTp0 {
  padding-bottom: 18px;
}
._1mSIxf2 {
  padding-bottom: 24px;
}
.y-ma1r1 {
  padding-bottom: 36px;
}
._3S7uiGK {
  padding-bottom: 48px;
}
.jT1xghx {
  padding-bottom: 96px;
}
._3C6iqbv {
  padding-left: 0;
}
._2vaUzu9 {
  padding-left: 25px;
}
._21OH1Z5 {
  padding-left: 5px;
}
._24EAVFB {
  padding-left: 10px;
}
._3d-t-oc {
  padding-left: 15px;
}
._2PGb__- {
  padding-left: 20px;
}
._1F7Wtbe {
  padding-left: 30px;
}
._3laBiKm {
  padding-left: 40px;
}
.d1aO-A0 {
  padding-left: 80px;
}
._2kmuZJ6 {
  padding-top: 12px;
}
._1Qk2uli {
  padding-bottom: 12px;
}
._11QgpkT {
  display: block;
}
.ZVKf_PU {
  display: inline;
}
._1GczRK2 {
  display: none;
}
._18xKQlI {
  display: inline-block;
}
._30NEIy0 {
  display: -webkit-flex;
  display: -ms-flexbox;
  display: flex;
}
.mG1wkyG {
  -webkit-transform: translateY(0.41em);
  transform: translateY(0.41em);
}
._2zB8WTF {
  -webkit-transform: translateY(0.32666667em);
  transform: translateY(0.32666667em);
}
.gILzstb {
  -webkit-transform: translateY(0.30285714em);
  transform: translateY(0.30285714em);
}
._3QJ4_Q-,
._1jnaMDT {
  -webkit-transform: translateY(0.37428571em);
  transform: translateY(0.37428571em);
}
._3vEesDc:active {
  -webkit-transform: scale(0.95);
  transform: scale(0.95);
}
.z4E71gw {
  transition: opacity 0.125s ease, -webkit-transform 0.125s ease;
  transition: transform 0.125s ease, opacity 0.125s ease;
  transition: transform 0.125s ease, opacity 0.125s ease,
    -webkit-transform 0.125s ease;
}
._1K4Vqfe {
  transition: -webkit-transform 0.2s cubic-bezier(0.02, 1.505, 0.745, 1.235);
  transition: transform 0.2s cubic-bezier(0.02, 1.505, 0.745, 1.235);
  transition: transform 0.2s cubic-bezier(0.02, 1.505, 0.745, 1.235),
    -webkit-transform 0.2s cubic-bezier(0.02, 1.505, 0.745, 1.235);
}
.KQ94EfJ {
  -webkit-flex-direction: row;
  -ms-flex-direction: row;
  flex-direction: row;
}
._3tOZAZw {
  -webkit-flex-direction: column;
  -ms-flex-direction: column;
  flex-direction: column;
}
@media screen and (min-width: 740px) {
  ._2XGpPEA {
    font-size: 16px;
    line-height: 24px;
  }
  ._2Fy6nbm {
    font-size: 18px;
    line-height: 24px;
  }
  ._1rb3prg {
    font-size: 42px;
    line-height: 48px;
  }
  ._1hqcDwO {
    font-size: 28px;
    line-height: 36px;
  }
  ._2Ezc0sb {
    font-size: 21px;
    line-height: 30px;
  }
  ._2vJ4Pfi {
    margin-top: 0;
  }
  .sUkxWkV {
    margin-top: 6px;
  }
  .vu86ant {
    margin-top: 12px;
  }
  ._2jF-tsc {
    margin-top: 18px;
  }
  ._1bQP4eS {
    margin-top: 24px;
  }
  ._2Z6m4N1 {
    margin-top: 36px;
  }
  ._1maG4Ae {
    margin-top: 48px;
  }
  ._1bgGNM9 {
    margin-top: 96px;
  }
  .ydC8c1v {
    margin-right: 0;
  }
  .WRP4RcC {
    margin-right: 25px;
  }
  ._1ohUIwZ {
    margin-right: 5px;
  }
  .TrO8y8b {
    margin-right: 10px;
  }
  .RSIR3SG {
    margin-right: 15px;
  }
  .FA8OVzS {
    margin-right: 20px;
  }
  ._3kv2Jmq {
    margin-right: 30px;
  }
  ._2kenP6d {
    margin-right: 40px;
  }
  .PJ7w9NC {
    margin-right: 80px;
  }
  .ck9XPBP {
    margin-bottom: 0;
  }
  ._3oAyuqr {
    margin-bottom: 6px;
  }
  ._15DFsba {
    margin-bottom: 12px;
  }
  ._12Ehl6v {
    margin-bottom: 18px;
  }
  .OGG6oFp {
    margin-bottom: 24px;
  }
  ._3_OcGVb {
    margin-bottom: 36px;
  }
  .tqazxvq {
    margin-bottom: 48px;
  }
  .ZB2LMPT {
    margin-bottom: 96px;
  }
  ._3AYQAJy {
    margin-left: 0;
  }
  ._3In8Sg4 {
    margin-left: 25px;
  }
  ._2bwN5XU {
    margin-left: 5px;
  }
  ._37ItMj8 {
    margin-left: 10px;
  }
  ._1nO2Gvg {
    margin-left: 15px;
  }
  ._1kFlyve {
    margin-left: 20px;
  }
  ._1bUejCX {
    margin-left: 30px;
  }
  ._1xvskjg {
    margin-left: 40px;
  }
  ._1gcVlEW {
    margin-left: 80px;
  }
  ._1zrK27t {
    padding-top: 0;
  }
  ._2oHQDBo {
    padding-top: 6px;
  }
  ._1JUIuNb {
    padding-top: 12px;
  }
  ._29ZqvkX {
    padding-top: 18px;
  }
  ._28vcVbQ {
    padding-top: 24px;
  }
  ._3CI5dw1 {
    padding-top: 36px;
  }
  ._2-1aEJM {
    padding-top: 48px;
  }
  ._3KR3ktL {
    padding-top: 96px;
  }
  ._2S8n9mC {
    padding-right: 0;
  }
  ._2IN2WOg {
    padding-right: 25px;
  }
  ._1q8rV7e {
    padding-right: 5px;
  }
  ._2KMdBhO {
    padding-right: 10px;
  }
  ._1Lx99Wb {
    padding-right: 15px;
  }
  ._1w4c1qc {
    padding-right: 20px;
  }
  ._2F66GXE {
    padding-right: 30px;
  }
  ._32FqnNb {
    padding-right: 40px;
  }
  ._2vYnCf6 {
    padding-right: 80px;
  }
  ._3cFfyyL {
    padding-bottom: 0;
  }
  ._170CkfP {
    padding-bottom: 6px;
  }
  ._1mJoqqf {
    padding-bottom: 12px;
  }
  ._21vK-5C {
    padding-bottom: 18px;
  }
  ._1rXrn_i {
    padding-bottom: 24px;
  }
  ._1g2jM02 {
    padding-bottom: 36px;
  }
  ._1Q1vlzk {
    padding-bottom: 48px;
  }
  ._2O3qhBn {
    padding-bottom: 96px;
  }
  .dW-m-vA {
    padding-left: 0;
  }
  .gdku7ra {
    padding-left: 25px;
  }
  ._3RmoIsI {
    padding-left: 5px;
  }
  ._16wEHzn {
    padding-left: 10px;
  }
  .on9q5EU {
    padding-left: 15px;
  }
  ._3WDb1FS {
    padding-left: 20px;
  }
  .Z-Jkh1L {
    padding-left: 30px;
  }
  .cf1hA5J {
    padding-left: 40px;
  }
  ._2gf6sSK {
    padding-left: 80px;
  }
  ._1NCA3Fb {
    padding-top: 12px;
  }
  .Gtv671X {
    padding-bottom: 12px;
  }
  ._2ajJyTE {
    display: block;
  }
  .LDEIVHk {
    display: inline;
  }
  ._2fkWxmb {
    display: none;
  }
  ._1kvjQOC {
    display: inline-block;
  }
  ._14mPPIV {
    display: -webkit-flex;
    display: -ms-flexbox;
    display: flex;
  }
  .gILzstb {
    -webkit-transform: translateY(0.23142857em);
    transform: translateY(0.23142857em);
  }
  ._3QJ4_Q- {
    -webkit-transform: translateY(0.30285714em);
    transform: translateY(0.30285714em);
  }
  .kMSMcOU {
    -webkit-flex-direction: row;
    -ms-flex-direction: row;
    flex-direction: row;
  }
  ._2WTegMW {
    -webkit-flex-direction: column;
    -ms-flex-direction: column;
    flex-direction: column;
  }
}
._2nGaB {
  vertical-align: middle;
  position: relative;
  top: -0.105em;
}
.JKAIx {
  height: 100%;
}
._3MXF5 {
  justify-content: flex-end;
}
._3Md34 {
  flex-grow: 1;
}
._3mgra {
  flex-shrink: 0;
  flex-grow: 0;
}
._1uz0K_3sK {
  width: 16px;
  height: 16px;
}
._2AzCa_3sK {
  width: 18px;
  height: 18px;
}
._1BKBI_3sK,
._3ZnXD_3sK {
  width: 24px;
  height: 24px;
}
.X_Pz3_3sK {
  min-height: 24px;
}
,
  "vendors~braid-design-system-themes-seekAnz.render.js": "CONTENTS IGNORED IN SNAPSHOT TEST",
  "vendors~braid-design-system-themes-seekAsia-1fd71e907715adee4be8.js": "CONTENTS IGNORED IN SNAPSHOT TEST",
  "vendors~braid-design-system-themes-seekAsia-3cd8b77ca4dd3715a174.css": ._3IiUysg,
._2WCNw0q,
._3LAqmg3,
._2AN0c48,
._3vEQfRp,
._2trBxvL,
._1eL7GTN,
._2TOt0dl,
._3qmSVIt,
._1_nUkyU,
._2_WihXZ,
._2ojmSRG,
._2OgNSLV,
._3-Bbmhp,
._112OfWK,
._1g1DJL0,
._3RcCdvw,
._15efk9s,
.mfwkjSB,
._2ibAU8h,
._3BI4WO0,
._3ICvoBB,
._2oY7eBs,
._3thgM40,
._1MGtKSw,
._1U3x5ln,
._1MqFTwl,
._2fYF4lo,
._2sDccJx,
._11NzP02,
._2Lwah7w,
._4P8f6gO,
._1tV8u3A,
._3SiKRpv,
._2KgtkWp,
._3gCqJVq,
._1RhvqbX,
._3f95heZ,
._1AY55lW,
._2oTlOI9,
._2ixMIHY,
._2OnDc7W,
._2g0nR3q,
._26bhdaL,
.fa9mJ1F,
._2wa5brK,
._1lm-l5H,
._3FK76Tr,
._2TjyCgn,
._2v89aJ_,
.DoPP1qq,
._1Edrobi,
._1yRM2wC,
._1IhnU-p,
._4diPrFH,
._-7QbC7s,
.JjROhPr,
._3llRwqo,
._23DwT9L,
._33oqQo2,
._2fO5UlH,
._3fBDMQ0,
._3xWreXo,
._31AvE1E,
.gwBaSw8,
._1FpPa02,
._1eMKFSn,
._3DOO473,
._3q6Ds3F,
.Q3O5KmD,
._3CmJ7Kl,
._1v16zEs,
.dKpIASS,
._1WDu6Wh,
._3sTrxT7,
._9hFgAfn,
._30uCamc,
.IulIPMv,
.AxDdU_m,
._3RXLvKp,
._3Djm44j,
._1-w6rIh,
.hmMX6s5,
._3BH_6j9 {
  margin: 0;
  padding: 0;
  border: 0;
  box-sizing: border-box;
  font-size: 100%;
  font: inherit;
  vertical-align: baseline;
}
._2trBxvL,
._1eL7GTN,
._3BI4WO0,
._2sDccJx,
._11NzP02,
._2Lwah7w,
._1AY55lW,
._2oTlOI9,
._1Edrobi,
._1yRM2wC,
._3xWreXo {
  display: block;
}
._2ojmSRG {
  line-height: 1;
}
._4diPrFH,
.hmMX6s5 {
  list-style: none;
}
._2_WihXZ,
._23DwT9L {
  quotes: none;
}
._2_WihXZ:after,
._2_WihXZ:before,
._23DwT9L:after,
._23DwT9L:before {
  content: "";
}
._1v16zEs {
  border-collapse: collapse;
  border-spacing: 0;
}
.DoPP1qq {
  background-color: transparent;
  color: inherit;
}
._31AvE1E {
  -webkit-appearance: none;
  -moz-appearance: none;
  appearance: none;
}
._2KdyVcl {
  font-size: 16px;
  line-height: 24px;
}
._2P4j4Xu {
  font-size: 18px;
  line-height: 24px;
}
._3RlWp9j {
  font-size: 28px;
  line-height: 36px;
}
._38ykwWB {
  font-size: 24px;
  line-height: 32px;
}
._3maBeZ3 {
  font-size: 20px;
  line-height: 28px;
}
._2wKdL8A {
  background-color: #fff;
}
._3RRBHx4 {
  background-color: #ccc;
}
._1xJpacu {
  background-color: #298eb9;
}
.aj0zAV2 {
  background-color: #247ea4;
}
._35xMbHv {
  background-color: #2e9ece;
}
._2Rn6wnv {
  background-color: #ccc;
}
._1Ssn_Rx {
  background-color: #0d3880;
}
._2WMU1cx {
  background-color: #0b2e69;
}
._1ffly9T {
  background-color: #0f4297;
}
._139gH0h {
  background-color: #eef8fc;
}
._2DurX2A {
  background-color: #0c4b85;
}
._3keyzPK {
  background-color: #ecf5fd;
}
._1-0aATs {
  background-color: #fff;
}
._3gga90W {
  background-color: #eb0000;
}
._1NXvnkZ {
  background-color: #fdeded;
}
._2UsCo-6 {
  background-color: #498307;
}
._10Ffzmf {
  background-color: #f5feec;
}
._2rnSOY5 {
  border-radius: 4px;
}
._1Fj8BzL {
  box-shadow: 0 0 0 2px #94c9e0;
}
._3zu_Vld {
  box-shadow: inset 0 0 0 1px #ccc;
}
._1yJYwS2 {
  box-shadow: inset 0 0 0 1px #eb0000;
}
.W8mQw-n {
  box-shadow: inset 0 0 0 1px #298eb9;
}
.riQ9Xqa {
  box-shadow: inset 0 0 0 2px #298eb9;
}
._2xLQbsJ {
  color: #333;
}
.zaQPByM {
  color: #298eb9;
}
._1RUUphN {
  color: #000;
}
.p4ktg63 {
  color: #fff;
}
.uPg2Du8 {
  color: #eb0000;
}
._1UGYw5a {
  color: #d00;
}
.lsPqZY6 {
  color: #498307;
}
._3PJnZGQ {
  color: #488207;
}
._2ZuDtEj {
  color: #666;
}
._3byP2sC,
._19w9hze {
  color: #0c4b85;
}
._3h9HqzX {
  color: #298eb9;
}
._1f3S4Jq {
  color: #fff;
}
._3KjKt7l {
  fill: currentColor;
}
._1uWoufp {
  fill: #298eb9;
}
._3C26doE {
  fill: #ccc;
}
._395I8wQ {
  fill: #eb0000;
}
._3GdhL5Y {
  fill: #d00;
}
._59CJ9bY,
._2VYu68N {
  fill: #0c4b85;
}
._1BBBVYJ {
  fill: #498307;
}
._1XQJCOU {
  fill: #488207;
}
._3ZlEXPX {
  fill: #333;
}
._3yN5K3f {
  fill: #fff;
}
._2bRXftB {
  font-family: Muli, -apple-system, system-ui, Segoe UI, Roboto, Noto Sans,
    Ubuntu, Droid Sans, Helvetica Neue, Arial, sans-serif;
}
._2JdSHB7 {
  font-weight: 400;
}
._3fNYnYe {
  font-weight: 500;
}
._1ShTyaP {
  font-weight: 700;
}
._3Nso9bl {
  width: 100%;
}
.dYyQHAP {
  margin-top: 0;
}
._3USLhn4 {
  margin-top: 4px;
}
._1nGI7DH {
  margin-top: 8px;
}
._3C1qrq_ {
  margin-top: 12px;
}
.LrTXvYB {
  margin-top: 16px;
}
._1IgYOAv {
  margin-top: 24px;
}
._30ka1FO {
  margin-top: 32px;
}
._1fVArt4 {
  margin-top: 64px;
}
._3RsT9N2 {
  margin-right: 0;
}
._26zbpgM {
  margin-right: 20px;
}
._3WxtFx- {
  margin-right: 4px;
}
._2q9KfSK {
  margin-right: 8px;
}
._3CD-M9L {
  margin-right: 12px;
}
.pVZjC3G {
  margin-right: 16px;
}
._2g2TaYV {
  margin-right: 24px;
}
._3AODug8 {
  margin-right: 32px;
}
._1-cDoD5 {
  margin-right: 64px;
}
._3sHbHEC {
  margin-bottom: 0;
}
._1Vhr8bN {
  margin-bottom: 4px;
}
._1RJjYCS {
  margin-bottom: 8px;
}
._2kq5qwZ {
  margin-bottom: 12px;
}
._3Ialnhu {
  margin-bottom: 16px;
}
._1k6TgWA {
  margin-bottom: 24px;
}
._2DfXzJG {
  margin-bottom: 32px;
}
._3JsLcnn {
  margin-bottom: 64px;
}
._1S5rTEo {
  margin-left: 0;
}
.VeutZB4 {
  margin-left: 20px;
}
._2TlZ9_h {
  margin-left: 4px;
}
.QCUMvuW {
  margin-left: 8px;
}
._3e9YNKL {
  margin-left: 12px;
}
._1ryJUG- {
  margin-left: 16px;
}
._3TumzK8 {
  margin-left: 24px;
}
._3QEfF8h {
  margin-left: 32px;
}
._3L16AFD {
  margin-left: 64px;
}
._1QJZw6i {
  padding-top: 0;
}
.aOhYuo1 {
  padding-top: 4px;
}
.kInEMKV {
  padding-top: 8px;
}
._2WfEqMP {
  padding-top: 12px;
}
._1Kaaemv {
  padding-top: 16px;
}
.IFB229r {
  padding-top: 24px;
}
._2O4twkc {
  padding-top: 32px;
}
._2xGhhv7 {
  padding-top: 64px;
}
._3Vaf-pP {
  padding-right: 0;
}
.Rb5JLyt {
  padding-right: 20px;
}
._1Gt26cQ {
  padding-right: 4px;
}
.IjJahId {
  padding-right: 8px;
}
._1nnWqCU {
  padding-right: 12px;
}
._1nToLz6 {
  padding-right: 16px;
}
._2YyX6Ru {
  padding-right: 24px;
}
._2G-2KrE {
  padding-right: 32px;
}
._3laDv5x {
  padding-right: 64px;
}
._10z7Cr1 {
  padding-bottom: 0;
}
._1Sp2n6n {
  padding-bottom: 4px;
}
.x6UIMoK {
  padding-bottom: 8px;
}
.k-J3cqD {
  padding-bottom: 12px;
}
._1rJROPG {
  padding-bottom: 16px;
}
._1gi_xMy {
  padding-bottom: 24px;
}
._3-lAtOg {
  padding-bottom: 32px;
}
.hmQTJrQ {
  padding-bottom: 64px;
}
._1JikRty {
  padding-left: 0;
}
._2p7TIjP {
  padding-left: 20px;
}
._154G9Q2 {
  padding-left: 4px;
}
._3lDaFwR {
  padding-left: 8px;
}
._3TKllle {
  padding-left: 12px;
}
._18pNHBx {
  padding-left: 16px;
}
._1PjNDAG {
  padding-left: 24px;
}
._3n3ziOu {
  padding-left: 32px;
}
._3NPVhji {
  padding-left: 64px;
}
._1r6SmW_ {
  padding-top: 10px;
}
._18M8_l9 {
  padding-bottom: 10px;
}
._1ZIGV5L {
  display: block;
}
._2IHdWK8 {
  display: inline;
}
._2SezfQj {
  display: none;
}
._13TF-gd {
  display: inline-block;
}
.uxjT5dy {
  display: -webkit-flex;
  display: -ms-flexbox;
  display: flex;
}
._3AW0ZTT {
  -webkit-transform: translateY(0.38em);
  transform: translateY(0.38em);
}
._2E95LYX {
  -webkit-transform: translateY(0.29666667em);
  transform: translateY(0.29666667em);
}
.lIgDpYO {
  -webkit-transform: translateY(0.27285714em);
  transform: translateY(0.27285714em);
}
.wVU7-65 {
  -webkit-transform: translateY(0.29666667em);
  transform: translateY(0.29666667em);
}
._1ESa21H {
  -webkit-transform: translateY(0.33em);
  transform: translateY(0.33em);
}
._1CewyYI:active {
  -webkit-transform: scale(0.98);
  transform: scale(0.98);
}
._17Hf2cB {
  transition: opacity 0.125s ease, -webkit-transform 0.125s ease;
  transition: transform 0.125s ease, opacity 0.125s ease;
  transition: transform 0.125s ease, opacity 0.125s ease,
    -webkit-transform 0.125s ease;
}
._5xANec0 {
  transition: -webkit-transform 0.2s cubic-bezier(0.02, 1.505, 0.745, 1.235);
  transition: transform 0.2s cubic-bezier(0.02, 1.505, 0.745, 1.235);
  transition: transform 0.2s cubic-bezier(0.02, 1.505, 0.745, 1.235),
    -webkit-transform 0.2s cubic-bezier(0.02, 1.505, 0.745, 1.235);
}
._2-stvfs {
  -webkit-flex-direction: row;
  -ms-flex-direction: row;
  flex-direction: row;
}
._6rDHkg3 {
  -webkit-flex-direction: column;
  -ms-flex-direction: column;
  flex-direction: column;
}
@media screen and (min-width: 768px) {
  ._2KdyVcl {
    font-size: 16px;
    line-height: 24px;
  }
  ._2P4j4Xu {
    font-size: 20px;
    line-height: 28px;
  }
  ._3RlWp9j {
    font-size: 34px;
    line-height: 44px;
  }
  ._38ykwWB {
    font-size: 28px;
    line-height: 36px;
  }
  ._3maBeZ3 {
    font-size: 24px;
    line-height: 32px;
  }
  ._1AREf1Y {
    margin-top: 0;
  }
  ._1JLb8uM {
    margin-top: 4px;
  }
  ._3Hl4Q4a {
    margin-top: 8px;
  }
  ._3zBg_jC {
    margin-top: 12px;
  }
  ._2YNN8Vu {
    margin-top: 16px;
  }
  .hDCdZZz {
    margin-top: 24px;
  }
  ._19-JgDs {
    margin-top: 32px;
  }
  .ynbzl7M {
    margin-top: 64px;
  }
  ._1-FZcRw {
    margin-right: 0;
  }
  ._31zEERQ {
    margin-right: 20px;
  }
  ._3WyUqhL {
    margin-right: 4px;
  }
  ._1dLN_c0 {
    margin-right: 8px;
  }
  ._2GEdmEr {
    margin-right: 12px;
  }
  .v1LKmU_ {
    margin-right: 16px;
  }
  ._3lgoSb5 {
    margin-right: 24px;
  }
  .jAX0XbO {
    margin-right: 32px;
  }
  ._1oaL8R9 {
    margin-right: 64px;
  }
  ._1yRPP4e {
    margin-bottom: 0;
  }
  ._3YZHV-c {
    margin-bottom: 4px;
  }
  ._1L-ysjE {
    margin-bottom: 8px;
  }
  ._3qucWq- {
    margin-bottom: 12px;
  }
  ._2kQWlXm {
    margin-bottom: 16px;
  }
  ._3JGMHbH {
    margin-bottom: 24px;
  }
  ._31gp-NJ {
    margin-bottom: 32px;
  }
  ._2fvodbW {
    margin-bottom: 64px;
  }
  ._2kbIBDW {
    margin-left: 0;
  }
  ._2bhsJpJ {
    margin-left: 20px;
  }
  .TxgGSNy {
    margin-left: 4px;
  }
  ._2Sl3UVg {
    margin-left: 8px;
  }
  ._23m_vmA {
    margin-left: 12px;
  }
  ._6KihbV0 {
    margin-left: 16px;
  }
  ._2XdXfrt {
    margin-left: 24px;
  }
  .UV9PLpR {
    margin-left: 32px;
  }
  ._1g-UUiW {
    margin-left: 64px;
  }
  ._2V9Y9Cf {
    padding-top: 0;
  }
  ._39DNsM3 {
    padding-top: 4px;
  }
  ._39BXxtw {
    padding-top: 8px;
  }
  ._2GIzYGj {
    padding-top: 12px;
  }
  ._2WHqpOd {
    padding-top: 16px;
  }
  .jZtMUV3 {
    padding-top: 24px;
  }
  ._3b8vwso {
    padding-top: 32px;
  }
  ._1We6E9S {
    padding-top: 64px;
  }
  ._12Qe6xK {
    padding-right: 0;
  }
  ._2uKNNWn {
    padding-right: 20px;
  }
  ._2NUTa7b {
    padding-right: 4px;
  }
  ._1YdKtvz {
    padding-right: 8px;
  }
  ._3CaxPWP {
    padding-right: 12px;
  }
  ._3GBhicQ {
    padding-right: 16px;
  }
  ._20VePGv {
    padding-right: 24px;
  }
  .pXLAiDY {
    padding-right: 32px;
  }
  ._3lYC4z5 {
    padding-right: 64px;
  }
  ._1cuZ_nc {
    padding-bottom: 0;
  }
  ._2ETsOMs {
    padding-bottom: 4px;
  }
  .BVdS4tV {
    padding-bottom: 8px;
  }
  ._2cwhvbk {
    padding-bottom: 12px;
  }
  ._1wGlagz {
    padding-bottom: 16px;
  }
  .nIPHK69 {
    padding-bottom: 24px;
  }
  ._2V72gPX {
    padding-bottom: 32px;
  }
  ._2Z4Xg2F {
    padding-bottom: 64px;
  }
  ._1KGik-Q {
    padding-left: 0;
  }
  ._3245AjT {
    padding-left: 20px;
  }
  ._17pPiOD {
    padding-left: 4px;
  }
  .racmE7V {
    padding-left: 8px;
  }
  ._17gogPG {
    padding-left: 12px;
  }
  ._37EoeG1 {
    padding-left: 16px;
  }
  ._2V3NMlr {
    padding-left: 24px;
  }
  ._2TFqqYg {
    padding-left: 32px;
  }
  ._8hZ4Y0B {
    padding-left: 64px;
  }
  .UYJgP_q {
    padding-top: 10px;
  }
  ._6P24Mux {
    padding-bottom: 10px;
  }
  .W7_OA-f {
    display: block;
  }
  ._30keeVC {
    display: inline;
  }
  ._23SPMtS {
    display: none;
  }
  ._3jEKADW {
    display: inline-block;
  }
  ._14jh1My {
    display: -webkit-flex;
    display: -ms-flexbox;
    display: flex;
  }
  ._2E95LYX {
    -webkit-transform: translateY(0.33em);
    transform: translateY(0.33em);
  }
  .lIgDpYO {
    -webkit-transform: translateY(0.27705882em);
    transform: translateY(0.27705882em);
  }
  .wVU7-65 {
    -webkit-transform: translateY(0.27285714em);
    transform: translateY(0.27285714em);
  }
  ._1ESa21H {
    -webkit-transform: translateY(0.29666667em);
    transform: translateY(0.29666667em);
  }
  ._3wfvCoi {
    -webkit-flex-direction: row;
    -ms-flex-direction: row;
    flex-direction: row;
  }
  ._2NoQmxH {
    -webkit-flex-direction: column;
    -ms-flex-direction: column;
    flex-direction: column;
  }
}
._2nGaB {
  vertical-align: middle;
  position: relative;
  top: -0.105em;
}
.JKAIx {
  height: 100%;
}
._3MXF5 {
  justify-content: flex-end;
}
._3Md34 {
  flex-grow: 1;
}
._3mgra {
  flex-shrink: 0;
  flex-grow: 0;
}
._1uz0K_2Sx {
  width: 16px;
  height: 16px;
}
._2AzCa_2Sx {
  width: 18px;
  height: 18px;
}
._1BKBI_2Sx,
._3ZnXD_2Sx {
  width: 24px;
  height: 24px;
}
@media screen and (min-width: 768px) {
  ._2AzCa_2Sx {
    width: 20px;
    height: 20px;
  }
  ._3ZnXD_2Sx {
    width: 28px;
    height: 28px;
  }
}
.X_Pz3_2Sx {
  min-height: 24px;
}
,
  "vendors~braid-design-system-themes-seekAsia.render.js": "CONTENTS IGNORED IN SNAPSHOT TEST",
  "vendors~braid-design-system-themes-wireframe-20c01c28998639188fbb.js": "CONTENTS IGNORED IN SNAPSHOT TEST",
  "vendors~braid-design-system-themes-wireframe-56bd5d9555fef28f7dcd.css": ._3IiUysg,
._2WCNw0q,
._3LAqmg3,
._2AN0c48,
._3vEQfRp,
._2trBxvL,
._1eL7GTN,
._2TOt0dl,
._3qmSVIt,
._1_nUkyU,
._2_WihXZ,
._2ojmSRG,
._2OgNSLV,
._3-Bbmhp,
._112OfWK,
._1g1DJL0,
._3RcCdvw,
._15efk9s,
.mfwkjSB,
._2ibAU8h,
._3BI4WO0,
._3ICvoBB,
._2oY7eBs,
._3thgM40,
._1MGtKSw,
._1U3x5ln,
._1MqFTwl,
._2fYF4lo,
._2sDccJx,
._11NzP02,
._2Lwah7w,
._4P8f6gO,
._1tV8u3A,
._3SiKRpv,
._2KgtkWp,
._3gCqJVq,
._1RhvqbX,
._3f95heZ,
._1AY55lW,
._2oTlOI9,
._2ixMIHY,
._2OnDc7W,
._2g0nR3q,
._26bhdaL,
.fa9mJ1F,
._2wa5brK,
._1lm-l5H,
._3FK76Tr,
._2TjyCgn,
._2v89aJ_,
.DoPP1qq,
._1Edrobi,
._1yRM2wC,
._1IhnU-p,
._4diPrFH,
._-7QbC7s,
.JjROhPr,
._3llRwqo,
._23DwT9L,
._33oqQo2,
._2fO5UlH,
._3fBDMQ0,
._3xWreXo,
._31AvE1E,
.gwBaSw8,
._1FpPa02,
._1eMKFSn,
._3DOO473,
._3q6Ds3F,
.Q3O5KmD,
._3CmJ7Kl,
._1v16zEs,
.dKpIASS,
._1WDu6Wh,
._3sTrxT7,
._9hFgAfn,
._30uCamc,
.IulIPMv,
.AxDdU_m,
._3RXLvKp,
._3Djm44j,
._1-w6rIh,
.hmMX6s5,
._3BH_6j9 {
  margin: 0;
  padding: 0;
  border: 0;
  box-sizing: border-box;
  font-size: 100%;
  font: inherit;
  vertical-align: baseline;
}
._2trBxvL,
._1eL7GTN,
._3BI4WO0,
._2sDccJx,
._11NzP02,
._2Lwah7w,
._1AY55lW,
._2oTlOI9,
._1Edrobi,
._1yRM2wC,
._3xWreXo {
  display: block;
}
._2ojmSRG {
  line-height: 1;
}
._4diPrFH,
.hmMX6s5 {
  list-style: none;
}
._2_WihXZ,
._23DwT9L {
  quotes: none;
}
._2_WihXZ:after,
._2_WihXZ:before,
._23DwT9L:after,
._23DwT9L:before {
  content: "";
}
._1v16zEs {
  border-collapse: collapse;
  border-spacing: 0;
}
.DoPP1qq {
  background-color: transparent;
  color: inherit;
}
._31AvE1E {
  -webkit-appearance: none;
  -moz-appearance: none;
  appearance: none;
}
.OJCocEn {
  font-size: 16px;
  line-height: 24px;
}
._37IBOu7 {
  font-size: 18px;
  line-height: 24px;
}
._3Jy4lKu {
  font-size: 28px;
  line-height: 36px;
}
._2GQgU4G,
.ERmMVZQ {
  font-size: 21px;
  line-height: 30px;
}
._5GPasH1 {
  background-color: #fff;
}
._1FGvK1F {
  background-color: #eee;
}
._3FtM007,
._1z6P5T7 {
  background-color: #000;
}
._1xrPQZb {
  background-color: #0d0d0d;
}
._1BHN8-y {
  background-color: #ccc;
}
._2vsPgDQ {
  background-color: #ff8c00;
}
._1oXSgsK {
  background-color: #e67e00;
}
._2BuTkbr {
  background-color: #ff981a;
}
._1O2-EbV {
  background-color: #eee;
}
._1A0V7mE {
  background-color: navy;
}
.V1oYI2- {
  background-color: #ededfd;
}
._1tuD_x9 {
  background-color: #fff;
}
._2zR1Sqy {
  background-color: red;
}
._3M6va2O {
  background-color: #fdeded;
}
._2IZ_Glf {
  background-color: green;
}
.JsfY9xc {
  background-color: #edfded;
}
._2SjWUb7 {
  border-radius: 4px;
}
._1MeRz2p {
  box-shadow: 0 0 0 2px #00bfff;
}
._3g93CGx {
  box-shadow: inset 0 0 0 1px #777;
}
._1kQYZxS {
  box-shadow: inset 0 0 0 1px red;
}
._5thcfO- {
  box-shadow: inset 0 0 0 1px #000;
}
._3f4n0Hv {
  box-shadow: inset 0 0 0 2px #000;
}
.WRMk-bc {
  color: #2b2b2b;
}
._1pyJwVh {
  color: #4c77bb;
}
.D9c4UG0 {
  color: #2b2b2b;
}
._3DzNaIa {
  color: #fff;
}
.Tv8aAAR {
  color: red;
}
._3mFoDPJ {
  color: #d00;
}
._2JSAJmY,
._29ofwP2 {
  color: green;
}
._33u7-rI {
  color: #777;
}
.h4uVz3S,
._3aNGP2P {
  color: navy;
}
._1Idy8fQ {
  color: #000;
}
.PBSVbxk {
  color: #fff;
}
._3wTJXvK {
  fill: currentColor;
}
._2mbtZNc {
  fill: #000;
}
._2Vh0QyU {
  fill: #ccc;
}
._3UFHR_M {
  fill: red;
}
.Y0i1Au- {
  fill: #d00;
}
._1nJrlvj,
.APwhuBj {
  fill: navy;
}
._3nEdGdL,
._3CITsh3 {
  fill: green;
}
._3lHkL7Y {
  fill: #777;
}
._3cqZPyR {
  fill: #fff;
}
._3Ac8lVu {
  font-family: Courier, monospace;
}
.YZ-pgz_ {
  font-weight: 400;
}
.MG7o6cf {
  font-weight: 500;
}
._1542dJB {
  font-weight: 600;
}
.wvwxNMe {
  width: 100%;
}
._3Bm7PyF {
  margin-top: 0;
}
._3T8P1PU {
  margin-top: 6px;
}
._1EIV-wN {
  margin-top: 12px;
}
._3W0-aeZ {
  margin-top: 18px;
}
._2eK6h1z {
  margin-top: 24px;
}
._233CK1k {
  margin-top: 36px;
}
._3oI89Rv {
  margin-top: 48px;
}
._3EScEes {
  margin-top: 96px;
}
._2Rlka19 {
  margin-right: 0;
}
._1WypgFs {
  margin-right: 25px;
}
._1gCmQDH {
  margin-right: 5px;
}
.MqMzN-J {
  margin-right: 10px;
}
.rEXOq3D {
  margin-right: 15px;
}
._2V7VETX {
  margin-right: 20px;
}
._2VIVdp2 {
  margin-right: 30px;
}
.YB2FqUx {
  margin-right: 40px;
}
.z1K_kaB {
  margin-right: 80px;
}
._2Psh5b1 {
  margin-bottom: 0;
}
.bxanU0C {
  margin-bottom: 6px;
}
._3if2Vaf {
  margin-bottom: 12px;
}
._2dX55y1 {
  margin-bottom: 18px;
}
.N0WVFlE {
  margin-bottom: 24px;
}
.x7Mlfbp {
  margin-bottom: 36px;
}
.nkygbkZ {
  margin-bottom: 48px;
}
._1e7jAgI {
  margin-bottom: 96px;
}
._2xx2fYp {
  margin-left: 0;
}
._2m8gxFw {
  margin-left: 25px;
}
._2q1JgiK {
  margin-left: 5px;
}
._16c-77i {
  margin-left: 10px;
}
._2XR8xk8 {
  margin-left: 15px;
}
.I8KtlSw {
  margin-left: 20px;
}
._3hXdz2E {
  margin-left: 30px;
}
._3jNRI05 {
  margin-left: 40px;
}
._3zVwnQk {
  margin-left: 80px;
}
._7OpTi7y {
  padding-top: 0;
}
._2mvg3iE {
  padding-top: 6px;
}
.Wohvdg2 {
  padding-top: 12px;
}
._8ZJ59GB {
  padding-top: 18px;
}
._1X4gp1p {
  padding-top: 24px;
}
._2C5aKxP {
  padding-top: 36px;
}
._29mypv4 {
  padding-top: 48px;
}
._2lJvBq7 {
  padding-top: 96px;
}
._3Ygs2bw {
  padding-right: 0;
}
._2U6RVHL {
  padding-right: 25px;
}
._1ug0Nyn {
  padding-right: 5px;
}
._2M3JpFo {
  padding-right: 10px;
}
._2nzW4Xc {
  padding-right: 15px;
}
._2_BlmX5 {
  padding-right: 20px;
}
._3GIJeLo {
  padding-right: 30px;
}
._1F2dZBm {
  padding-right: 40px;
}
.ZvIETVJ {
  padding-right: 80px;
}
.BSOZbrr {
  padding-bottom: 0;
}
._3ptk1S- {
  padding-bottom: 6px;
}
._35aM3Hf {
  padding-bottom: 12px;
}
._1i1Y-uF {
  padding-bottom: 18px;
}
._3bvvwqI {
  padding-bottom: 24px;
}
._3Iz8Vio {
  padding-bottom: 36px;
}
._2NXR6Sx {
  padding-bottom: 48px;
}
.Y1dRyMW {
  padding-bottom: 96px;
}
.mlKUcCG {
  padding-left: 0;
}
._25kqQ8K {
  padding-left: 25px;
}
._1OIJEMf {
  padding-left: 5px;
}
.Uo4bfES {
  padding-left: 10px;
}
._2XKgN9A {
  padding-left: 15px;
}
.eYIhMZG {
  padding-left: 20px;
}
._1WDrYjM {
  padding-left: 30px;
}
._1TvjQg3 {
  padding-left: 40px;
}
.qq7r77x {
  padding-left: 80px;
}
._3ZJGQE0 {
  padding-top: 12px;
}
._3-ECa3V {
  padding-bottom: 12px;
}
._1BlPR45 {
  display: block;
}
.D3cJoOX {
  display: inline;
}
._1NOzdKS {
  display: none;
}
._3E9uGaC {
  display: inline-block;
}
._1FE3btw {
  display: -webkit-flex;
  display: -ms-flexbox;
  display: flex;
}
._1dp-zJC {
  -webkit-transform: translateY(0.41em);
  transform: translateY(0.41em);
}
._3TURffX {
  -webkit-transform: translateY(0.32666667em);
  transform: translateY(0.32666667em);
}
._3bTkQrF {
  -webkit-transform: translateY(0.30285714em);
  transform: translateY(0.30285714em);
}
._1CQMg38,
._2LkgLd3 {
  -webkit-transform: translateY(0.37428571em);
  transform: translateY(0.37428571em);
}
.gh2c_LS:active {
  -webkit-transform: scale(0.97);
  transform: scale(0.97);
}
._7dWNZav {
  transition: opacity 0.125s ease, -webkit-transform 0.125s ease;
  transition: transform 0.125s ease, opacity 0.125s ease;
  transition: transform 0.125s ease, opacity 0.125s ease,
    -webkit-transform 0.125s ease;
}
.eZc0hZA {
  transition: -webkit-transform 0.2s cubic-bezier(0.02, 1.505, 0.745, 1.235);
  transition: transform 0.2s cubic-bezier(0.02, 1.505, 0.745, 1.235);
  transition: transform 0.2s cubic-bezier(0.02, 1.505, 0.745, 1.235),
    -webkit-transform 0.2s cubic-bezier(0.02, 1.505, 0.745, 1.235);
}
._1Jpet3r {
  -webkit-flex-direction: row;
  -ms-flex-direction: row;
  flex-direction: row;
}
._3_XNoFQ {
  -webkit-flex-direction: column;
  -ms-flex-direction: column;
  flex-direction: column;
}
@media screen and (min-width: 768px) {
  .OJCocEn {
    font-size: 16px;
    line-height: 24px;
  }
  ._37IBOu7 {
    font-size: 18px;
    line-height: 24px;
  }
  ._3Jy4lKu {
    font-size: 42px;
    line-height: 48px;
  }
  ._2GQgU4G {
    font-size: 28px;
    line-height: 36px;
  }
  .ERmMVZQ {
    font-size: 21px;
    line-height: 30px;
  }
  ._2lcX9Qr {
    margin-top: 0;
  }
  .j--whgk {
    margin-top: 6px;
  }
  ._1aYRuyC {
    margin-top: 12px;
  }
  .piWVcRt {
    margin-top: 18px;
  }
  ._2P4Ebc4 {
    margin-top: 24px;
  }
  ._1x1P1py {
    margin-top: 36px;
  }
  .si5sgbv {
    margin-top: 48px;
  }
  .hAhvtZG {
    margin-top: 96px;
  }
  ._3cAUGgs {
    margin-right: 0;
  }
  ._10rw5Fr {
    margin-right: 25px;
  }
  ._8mhuES {
    margin-right: 5px;
  }
  ._3fzAmOK {
    margin-right: 10px;
  }
  ._2qILcbg {
    margin-right: 15px;
  }
  .kvyKA9w {
    margin-right: 20px;
  }
  .Q0_WeJ7 {
    margin-right: 30px;
  }
  ._1zzA-lK {
    margin-right: 40px;
  }
  ._2ms-uqh {
    margin-right: 80px;
  }
  .PRZnsxF {
    margin-bottom: 0;
  }
  ._3bYOl06 {
    margin-bottom: 6px;
  }
  ._20ggNBo {
    margin-bottom: 12px;
  }
  ._2JWyApX {
    margin-bottom: 18px;
  }
  ._1ka68_W {
    margin-bottom: 24px;
  }
  ._8KokiKI {
    margin-bottom: 36px;
  }
  ._38wu3AW {
    margin-bottom: 48px;
  }
  .HpPtKw2 {
    margin-bottom: 96px;
  }
  .vshecU0 {
    margin-left: 0;
  }
  .E0NTN7x {
    margin-left: 25px;
  }
  ._2CHae1h {
    margin-left: 5px;
  }
  ._33XJlge {
    margin-left: 10px;
  }
  .RhT5fUK {
    margin-left: 15px;
  }
  .XOEUCTZ {
    margin-left: 20px;
  }
  ._1lRllUO {
    margin-left: 30px;
  }
  ._2N5RtC- {
    margin-left: 40px;
  }
  .LRQlkG8 {
    margin-left: 80px;
  }
  ._1fG7GYJ {
    padding-top: 0;
  }
  ._2azJ0Lm {
    padding-top: 6px;
  }
  ._39h2ciP {
    padding-top: 12px;
  }
  ._1KPkDdq {
    padding-top: 18px;
  }
  .eQOHLnD {
    padding-top: 24px;
  }
  ._3G_KtdD {
    padding-top: 36px;
  }
  ._1fooi4O {
    padding-top: 48px;
  }
  ._2xFrFQn {
    padding-top: 96px;
  }
  ._1Q-3Rj4 {
    padding-right: 0;
  }
  ._2DTp9K3 {
    padding-right: 25px;
  }
  .AlFsEmo {
    padding-right: 5px;
  }
  ._2UEj9bw {
    padding-right: 10px;
  }
  ._1VsV0yY {
    padding-right: 15px;
  }
  .BYi0BBU {
    padding-right: 20px;
  }
  ._3-vVbHL {
    padding-right: 30px;
  }
  ._3VWuvrC {
    padding-right: 40px;
  }
  ._1haTRNq {
    padding-right: 80px;
  }
  ._33vcIl2 {
    padding-bottom: 0;
  }
  ._1bOFZc_ {
    padding-bottom: 6px;
  }
  ._2wnSv8P {
    padding-bottom: 12px;
  }
  ._31gdHaF {
    padding-bottom: 18px;
  }
  .o95ThJD {
    padding-bottom: 24px;
  }
  ._34xMojk {
    padding-bottom: 36px;
  }
  .jJOweyW {
    padding-bottom: 48px;
  }
  ._35AfIRP {
    padding-bottom: 96px;
  }
  ._1mdfQ2w {
    padding-left: 0;
  }
  ._3Y9pGqB {
    padding-left: 25px;
  }
  ._3u72CRB {
    padding-left: 5px;
  }
  ._2CEAZHx {
    padding-left: 10px;
  }
  ._8NgdA2 {
    padding-left: 15px;
  }
  ._2Mx_RCE {
    padding-left: 20px;
  }
  ._38pOkil {
    padding-left: 30px;
  }
  .C9FHazx {
    padding-left: 40px;
  }
  ._1YQ11NY {
    padding-left: 80px;
  }
  ._3Va17pW {
    padding-top: 12px;
  }
  .w4EwB-n {
    padding-bottom: 12px;
  }
  ._3UJVs0C {
    display: block;
  }
  .-QRkmIm {
    display: inline;
  }
  .Vy362h0 {
    display: none;
  }
  ._2MophnC {
    display: inline-block;
  }
  ._1YI8hbu {
    display: -webkit-flex;
    display: -ms-flexbox;
    display: flex;
  }
  ._3bTkQrF {
    -webkit-transform: translateY(0.23142857em);
    transform: translateY(0.23142857em);
  }
  ._1CQMg38 {
    -webkit-transform: translateY(0.30285714em);
    transform: translateY(0.30285714em);
  }
  ._36Jr6Zx {
    -webkit-flex-direction: row;
    -ms-flex-direction: row;
    flex-direction: row;
  }
  ._2zRf4iS {
    -webkit-flex-direction: column;
    -ms-flex-direction: column;
    flex-direction: column;
  }
}
._2nGaB {
  vertical-align: middle;
  position: relative;
  top: -0.105em;
}
.JKAIx {
  height: 100%;
}
._3MXF5 {
  justify-content: flex-end;
}
._3Md34 {
  flex-grow: 1;
}
._3mgra {
  flex-shrink: 0;
  flex-grow: 0;
}
._1uz0K_3eX {
  width: 16px;
  height: 16px;
}
._2AzCa_3eX {
  width: 18px;
  height: 18px;
}
._1BKBI_3eX,
._3ZnXD_3eX {
  width: 24px;
  height: 24px;
}
.X_Pz3_3eX {
  min-height: 24px;
}
,
  "vendors~braid-design-system-themes-wireframe.render.js": "CONTENTS IGNORED IN SNAPSHOT TEST",
  "vendors~main-086f764b6b3607b25afb.css": ._1oQSh2m {
  opacity: 0;
  position: absolute;
  height: 0;
  width: 0;
}
._2TOJ8vh {
  display: -webkit-flex;
  display: -ms-flexbox;
  display: flex;
}
._1oQSh2m:not(:disabled) ~ ._1WIkhn_ ._2TOJ8vh {
  cursor: pointer;
}
.EKNisOw {
  -webkit-flex-shrink: 0;
  -ms-flex-negative: 0;
  flex-shrink: 0;
  position: relative;
  padding: 4px;
}
._2QFvL6i {
  position: absolute;
  top: 0;
  left: 0;
  right: 0;
  bottom: 0;
}
._10597UX {
  opacity: 0;
  z-index: 1;
}
._1oQSh2m:not(:disabled) ~ ._1WIkhn_ ._2TOJ8vh:hover > * > ._10597UX {
  opacity: 1;
}
._2rGV2RP {
  opacity: 0;
  z-index: 1;
}
._1oQSh2m:focus ~ ._1WIkhn_ > * > * > ._2rGV2RP {
  opacity: 1;
}
._3ddpN8u {
  opacity: 0;
  z-index: 2;
}
._2sqCI5f {
  opacity: 0;
  z-index: 3;
}
._1oQSh2m:checked ~ ._1WIkhn_ > * > * > ._2sqCI5f {
  opacity: 1;
}
.U61AQmG {
  z-index: 4;
}
._1oQSh2m:disabled ~ ._1WIkhn_ > * > * > ._3ddpN8u {
  opacity: 1;
}
._2EVIIjs {
  opacity: 0;
  -webkit-transform: scale(0.7);
  transform: scale(0.7);
  position: relative;
  z-index: 5;
  height: 100%;
}
._1oQSh2m:checked ~ ._1WIkhn_ > * > * > ._2EVIIjs {
  -webkit-transform: none;
  transform: none;
  opacity: 1;
}
.nk3q2_7 {
  display: none;
}
._1oQSh2m:checked ~ ._1WIkhn_ > .nk3q2_7 {
  display: block;
}
._3lc311G {
  display: block;
}
._1CaVPtc {
  display: list-item;
  list-style: disc;
  margin-left: 1.3em;
}
.HaEqn2s {
  transition: -webkit-transform 0.3s ease;
  transition: transform 0.3s ease;
  transition: transform 0.3s ease, -webkit-transform 0.3s ease;
  -webkit-transform-origin: 50% 50%;
  transform-origin: 50% 50%;
}
.okvXM2a {
  display: inline-block;
}
._2yIW-TJ {
  -webkit-transform: rotate(90deg);
  transform: rotate(90deg);
}
._1dJkO5J {
  -webkit-transform: rotate(180deg);
  transform: rotate(180deg);
}
._1nip7oL {
  -webkit-transform: rotate(270deg);
  transform: rotate(270deg);
}
,
  "vendors~main-9ba7bfb0e9e9d4e29aea.js": "CONTENTS IGNORED IN SNAPSHOT TEST",
}
`;
