// Jest Snapshot v1, https://goo.gl/fbAQLP

exports[`braid-design-system should generate the expected files 1`] = `
Object {
  "externals.json": "[
  \\"fs\\",
  \\"path\\",
  \\"react\\",
  \\"react-dom/server\\"
]",
  "jobStreet/index.html": 
<!DOCTYPE html>
<html>
  <head>
    <meta charset="UTF-8">
    <title>
      My Awesome Project
    </title>
    <meta name="viewport"
          content="width=device-width, initial-scale=1"
    >
    <link data-chunk="main"
          rel="stylesheet"
          href="https://somecdn.com/vendors~main-52eca94bda84f4429862.css"
    >
    <link data-chunk="themes-jobStreet"
          rel="stylesheet"
          href="https://somecdn.com/vendors~themes-jobStreet-1ca64a26f785b457ce7c.css"
    >
    <link data-chunk="main"
          rel="preload"
          as="script"
          href="https://somecdn.com/runtime-73d4c35b292b6d8c2f97.js"
          crossorigin="anonymous"
    >
    <link data-chunk="main"
          rel="preload"
          as="script"
          href="https://somecdn.com/vendors~main-bfa90a162a6e1924b354.js"
          crossorigin="anonymous"
    >
    <link data-chunk="main"
          rel="preload"
          as="script"
          href="https://somecdn.com/main-c5be38cdbae32863bf90.js"
          crossorigin="anonymous"
    >
    <link data-chunk="themes-jobStreet"
          rel="preload"
          as="script"
          href="https://somecdn.com/vendors~themes-jobStreet-409d4a2198acaf3d380d.js"
          crossorigin="anonymous"
    >
    <link data-chunk="themes-jobStreet"
          rel="preload"
          as="script"
          href="https://somecdn.com/themes-jobStreet-2a20d70cbd28cabc0eac.js"
          crossorigin="anonymous"
    >
    <script>
      window.SKU_SITE = 'jobStreet';
    </script>
  </head>
  <body>
    <div id="app">
      <div class="uawduSk _3QI-N4q _67c5_FJ _1fOdtCT _1uljWUb _1kszl6t _2hWulPn">
        Hello
        jobStreet
      </div>
      <div class="KAZLR7l _2hWulPn">
        <div class="_3GXa3GS _1yaNXa4 _3l1ThKJ _1Rfgsxh _2sEqXpl _2hWulPn">
          <div>
            <input type="checkbox"
                   class="_1dX-8s8"
                   id="id_1"
                   aria-describedby="id_1-message"
            >
            <div class="NFLsa03">
              <label class="_35Ioi_K _3i51Hlh"
                     for="id_1"
              >
                <div class="_3Xptkwh tjEElDw _3GKtGT_ d6S3jF3 _2hWulPn"
                     style="width:24px;height:24px;margin-top:10px"
                >
                  <div class="_24M9u8W Z6b8izW _3GKtGT_ Z6b8izW _2hWulPn">
                  </div>
                  <div class="_24M9u8W _2UGcf08 _7yGCqRQ _3GKtGT_ _7yGCqRQ _2hWulPn">
                  </div>
                  <div class="_24M9u8W _1wBAZRF _3aStZLC _3GKtGT_ _3aStZLC _2AY9T17 _2hWulPn">
                  </div>
                  <div class="_24M9u8W ks2-dcZ _3HVeA53 _3GKtGT_ _2AY9T17 _2hWulPn">
                  </div>
                  <div class="_24M9u8W _2YXhog3 _29quY5D Z6b8izW _3GKtGT_ Z6b8izW _2AY9T17 _2hWulPn">
                  </div>
                  <div class="_24M9u8W _3xrNzjG _3DT-trK _3GKtGT_ _3DT-trK _2AY9T17 _2hWulPn"
                       style="opacity:0"
                  >
                  </div>
                  <div class="XtHYs6b _2AY9T17 _2m2WnIj _2hWulPn">
                    <svg viewbox="90.471 302.809 823 823"
                         width="16"
                         height="16"
                         class="ok0b0 _3h2dxib _2m2WnIj _1M-v796"
                    >
                      <path d="M365.407 1022.185L90.677 747.457l67.883-67.882L365.406 886.42l479.977-479.988 67.883 67.882">
                      </path>
                    </svg>
                  </div>
                </div>
                <div class="_1lI5b1D _1YF8ILC _2hWulPn">
                  <div class="uawduSk _3QI-N4q _67c5_FJ _1fOdtCT _1uljWUb _2hWulPn">
                    This is a checkbox
                  </div>
                </div>
              </label>
            </div>
          </div>
          <div>
            <input type="checkbox"
                   class="_1dX-8s8"
                   id="id_2"
                   aria-describedby="id_2-message"
            >
            <div class="NFLsa03">
              <label class="_35Ioi_K _3i51Hlh"
                     for="id_2"
              >
                <div class="_3Xptkwh tjEElDw _3GKtGT_ d6S3jF3 _2hWulPn"
                     style="width:24px;height:24px;margin-top:10px"
                >
                  <div class="_24M9u8W Z6b8izW _3GKtGT_ Z6b8izW _2hWulPn">
                  </div>
                  <div class="_24M9u8W _2UGcf08 _7yGCqRQ _3GKtGT_ _7yGCqRQ _2hWulPn">
                  </div>
                  <div class="_24M9u8W _1wBAZRF _3aStZLC _3GKtGT_ _3aStZLC _2AY9T17 _2hWulPn">
                  </div>
                  <div class="_24M9u8W ks2-dcZ _3HVeA53 _3GKtGT_ _2AY9T17 _2hWulPn">
                  </div>
                  <div class="_24M9u8W _2YXhog3 _29quY5D Z6b8izW _3GKtGT_ Z6b8izW _2AY9T17 _2hWulPn">
                  </div>
                  <div class="_24M9u8W _3xrNzjG _3DT-trK _3GKtGT_ _3DT-trK _2AY9T17 _2hWulPn"
                       style="opacity:0"
                  >
                  </div>
                  <div class="XtHYs6b _2AY9T17 _2m2WnIj _2hWulPn">
                    <svg viewbox="90.471 302.809 823 823"
                         width="16"
                         height="16"
                         class="ok0b0 _3h2dxib _2m2WnIj _1M-v796"
                    >
                      <path d="M365.407 1022.185L90.677 747.457l67.883-67.882L365.406 886.42l479.977-479.988 67.883 67.882">
                      </path>
                    </svg>
                  </div>
                </div>
                <div class="_1lI5b1D _1YF8ILC _2hWulPn">
                  <div class="uawduSk _3QI-N4q _67c5_FJ _1fOdtCT _1uljWUb _2hWulPn">
                    This is a checkbox
                  </div>
                </div>
              </label>
            </div>
          </div>
          <div>
            <input type="checkbox"
                   class="_1dX-8s8"
                   id="id_3"
                   aria-describedby="id_3-message"
            >
            <div class="NFLsa03">
              <label class="_35Ioi_K _3i51Hlh"
                     for="id_3"
              >
                <div class="_3Xptkwh tjEElDw _3GKtGT_ d6S3jF3 _2hWulPn"
                     style="width:24px;height:24px;margin-top:10px"
                >
                  <div class="_24M9u8W Z6b8izW _3GKtGT_ Z6b8izW _2hWulPn">
                  </div>
                  <div class="_24M9u8W _2UGcf08 _7yGCqRQ _3GKtGT_ _7yGCqRQ _2hWulPn">
                  </div>
                  <div class="_24M9u8W _1wBAZRF _3aStZLC _3GKtGT_ _3aStZLC _2AY9T17 _2hWulPn">
                  </div>
                  <div class="_24M9u8W ks2-dcZ _3HVeA53 _3GKtGT_ _2AY9T17 _2hWulPn">
                  </div>
                  <div class="_24M9u8W _2YXhog3 _29quY5D Z6b8izW _3GKtGT_ Z6b8izW _2AY9T17 _2hWulPn">
                  </div>
                  <div class="_24M9u8W _3xrNzjG _3DT-trK _3GKtGT_ _3DT-trK _2AY9T17 _2hWulPn"
                       style="opacity:0"
                  >
                  </div>
                  <div class="XtHYs6b _2AY9T17 _2m2WnIj _2hWulPn">
                    <svg viewbox="90.471 302.809 823 823"
                         width="16"
                         height="16"
                         class="ok0b0 _3h2dxib _2m2WnIj _1M-v796"
                    >
                      <path d="M365.407 1022.185L90.677 747.457l67.883-67.882L365.406 886.42l479.977-479.988 67.883 67.882">
                      </path>
                    </svg>
                  </div>
                </div>
                <div class="_1lI5b1D _1YF8ILC _2hWulPn">
                  <div class="uawduSk _3QI-N4q _67c5_FJ _1fOdtCT _1uljWUb _2hWulPn">
                    This is a checkbox
                  </div>
                </div>
              </label>
            </div>
          </div>
        </div>
      </div>
    </div>
    <script>
      window.__SKU_CLIENT_CONTEXT__ = {"site":"jobStreet"};
    </script>
    <script id="__LOADABLE_REQUIRED_CHUNKS__"
            type="application/json"
            crossorigin="anonymous"
    >
      [2,0]
    </script>
    <script async
            data-chunk="main"
            src="https://somecdn.com/runtime-73d4c35b292b6d8c2f97.js"
            crossorigin="anonymous"
    >
    </script>
    <script async
            data-chunk="main"
            src="https://somecdn.com/vendors~main-bfa90a162a6e1924b354.js"
            crossorigin="anonymous"
    >
    </script>
    <script async
            data-chunk="main"
            src="https://somecdn.com/main-c5be38cdbae32863bf90.js"
            crossorigin="anonymous"
    >
    </script>
    <script async
            data-chunk="themes-jobStreet"
            src="https://somecdn.com/vendors~themes-jobStreet-409d4a2198acaf3d380d.js"
            crossorigin="anonymous"
    >
    </script>
    <script async
            data-chunk="themes-jobStreet"
            src="https://somecdn.com/themes-jobStreet-2a20d70cbd28cabc0eac.js"
            crossorigin="anonymous"
    >
    </script>
  </body>
</html>
,
  "main-c5be38cdbae32863bf90.js": "CONTENTS IGNORED IN SNAPSHOT TEST",
  "runtime-73d4c35b292b6d8c2f97.js": "CONTENTS IGNORED IN SNAPSHOT TEST",
  "seekAnz/index.html": 
<!DOCTYPE html>
<html>
  <head>
    <meta charset="UTF-8">
    <title>
      My Awesome Project
    </title>
    <meta name="viewport"
          content="width=device-width, initial-scale=1"
    >
    <link data-chunk="main"
          rel="stylesheet"
          href="https://somecdn.com/vendors~main-52eca94bda84f4429862.css"
    >
    <link data-chunk="themes-seekAnz"
          rel="stylesheet"
          href="https://somecdn.com/vendors~themes-seekAnz-b163db057f6d91fa5a6c.css"
    >
    <link data-chunk="main"
          rel="preload"
          as="script"
          href="https://somecdn.com/runtime-73d4c35b292b6d8c2f97.js"
          crossorigin="anonymous"
    >
    <link data-chunk="main"
          rel="preload"
          as="script"
          href="https://somecdn.com/vendors~main-bfa90a162a6e1924b354.js"
          crossorigin="anonymous"
    >
    <link data-chunk="main"
          rel="preload"
          as="script"
          href="https://somecdn.com/main-c5be38cdbae32863bf90.js"
          crossorigin="anonymous"
    >
    <link data-chunk="themes-seekAnz"
          rel="preload"
          as="script"
          href="https://somecdn.com/vendors~themes-seekAnz-302b84e7a4f076110245.js"
          crossorigin="anonymous"
    >
    <link data-chunk="themes-seekAnz"
          rel="preload"
          as="script"
          href="https://somecdn.com/themes-seekAnz-8546c88498995652ca57.js"
          crossorigin="anonymous"
    >
    <script>
      window.SKU_SITE = 'seekAnz';
    </script>
  </head>
  <body>
    <div id="app">
      <div class="uawduSk KVtckEy jrs6E0P q_zaKu2 Fma3ySd _1C2ssbh _2hWulPn">
        Hello
        seekAnz
      </div>
      <div class="Gj_SHo3 _2hWulPn">
        <div class="_37_kv98 _1r_eufi _2D9F5kM _2Xtmtdp iLXMYFS _2hWulPn">
          <div>
            <input type="checkbox"
                   class="_1dX-8s8"
                   id="id_1"
                   aria-describedby="id_1-message"
            >
            <div class="NFLsa03">
              <label class="_35Ioi_K _3i51Hlh"
                     for="id_1"
              >
                <div class="_3Xptkwh _394UCCL _2zmFLWc _3wo_y7Z _2hWulPn"
                     style="width:30px;height:30px;margin-top:9px"
                >
                  <div class="_24M9u8W _39plsQq _2zmFLWc _39plsQq _2hWulPn">
                  </div>
                  <div class="_24M9u8W _2UGcf08 _1mIArWr _2zmFLWc _1mIArWr _2hWulPn">
                  </div>
                  <div class="_24M9u8W _1wBAZRF t6HGfLe _2zmFLWc t6HGfLe _23mjPqH _2hWulPn">
                  </div>
                  <div class="_24M9u8W ks2-dcZ _3dzarUt _2zmFLWc _23mjPqH _2hWulPn">
                  </div>
                  <div class="_24M9u8W _2YXhog3 _2Y43TAr _39plsQq _2zmFLWc _39plsQq _23mjPqH _2hWulPn">
                  </div>
                  <div class="_24M9u8W _3xrNzjG z_YJxP2 _2zmFLWc z_YJxP2 _23mjPqH _2hWulPn"
                       style="opacity:0"
                  >
                  </div>
                  <div class="XtHYs6b _23mjPqH _3I8IL21 _2hWulPn">
                    <svg viewbox="90.471 302.809 823 823"
                         width="16"
                         height="16"
                         class="ok0b0 _2i1J5LZ _3I8IL21 _3aYMZP4"
                    >
                      <path d="M365.407 1022.185L90.677 747.457l67.883-67.882L365.406 886.42l479.977-479.988 67.883 67.882">
                      </path>
                    </svg>
                  </div>
                </div>
                <div class="_3Wawfpk _1gC-UcE _2hWulPn">
                  <div class="uawduSk KVtckEy jrs6E0P q_zaKu2 Fma3ySd _2hWulPn">
                    This is a checkbox
                  </div>
                </div>
              </label>
            </div>
          </div>
          <div>
            <input type="checkbox"
                   class="_1dX-8s8"
                   id="id_2"
                   aria-describedby="id_2-message"
            >
            <div class="NFLsa03">
              <label class="_35Ioi_K _3i51Hlh"
                     for="id_2"
              >
                <div class="_3Xptkwh _394UCCL _2zmFLWc _3wo_y7Z _2hWulPn"
                     style="width:30px;height:30px;margin-top:9px"
                >
                  <div class="_24M9u8W _39plsQq _2zmFLWc _39plsQq _2hWulPn">
                  </div>
                  <div class="_24M9u8W _2UGcf08 _1mIArWr _2zmFLWc _1mIArWr _2hWulPn">
                  </div>
                  <div class="_24M9u8W _1wBAZRF t6HGfLe _2zmFLWc t6HGfLe _23mjPqH _2hWulPn">
                  </div>
                  <div class="_24M9u8W ks2-dcZ _3dzarUt _2zmFLWc _23mjPqH _2hWulPn">
                  </div>
                  <div class="_24M9u8W _2YXhog3 _2Y43TAr _39plsQq _2zmFLWc _39plsQq _23mjPqH _2hWulPn">
                  </div>
                  <div class="_24M9u8W _3xrNzjG z_YJxP2 _2zmFLWc z_YJxP2 _23mjPqH _2hWulPn"
                       style="opacity:0"
                  >
                  </div>
                  <div class="XtHYs6b _23mjPqH _3I8IL21 _2hWulPn">
                    <svg viewbox="90.471 302.809 823 823"
                         width="16"
                         height="16"
                         class="ok0b0 _2i1J5LZ _3I8IL21 _3aYMZP4"
                    >
                      <path d="M365.407 1022.185L90.677 747.457l67.883-67.882L365.406 886.42l479.977-479.988 67.883 67.882">
                      </path>
                    </svg>
                  </div>
                </div>
                <div class="_3Wawfpk _1gC-UcE _2hWulPn">
                  <div class="uawduSk KVtckEy jrs6E0P q_zaKu2 Fma3ySd _2hWulPn">
                    This is a checkbox
                  </div>
                </div>
              </label>
            </div>
          </div>
          <div>
            <input type="checkbox"
                   class="_1dX-8s8"
                   id="id_3"
                   aria-describedby="id_3-message"
            >
            <div class="NFLsa03">
              <label class="_35Ioi_K _3i51Hlh"
                     for="id_3"
              >
                <div class="_3Xptkwh _394UCCL _2zmFLWc _3wo_y7Z _2hWulPn"
                     style="width:30px;height:30px;margin-top:9px"
                >
                  <div class="_24M9u8W _39plsQq _2zmFLWc _39plsQq _2hWulPn">
                  </div>
                  <div class="_24M9u8W _2UGcf08 _1mIArWr _2zmFLWc _1mIArWr _2hWulPn">
                  </div>
                  <div class="_24M9u8W _1wBAZRF t6HGfLe _2zmFLWc t6HGfLe _23mjPqH _2hWulPn">
                  </div>
                  <div class="_24M9u8W ks2-dcZ _3dzarUt _2zmFLWc _23mjPqH _2hWulPn">
                  </div>
                  <div class="_24M9u8W _2YXhog3 _2Y43TAr _39plsQq _2zmFLWc _39plsQq _23mjPqH _2hWulPn">
                  </div>
                  <div class="_24M9u8W _3xrNzjG z_YJxP2 _2zmFLWc z_YJxP2 _23mjPqH _2hWulPn"
                       style="opacity:0"
                  >
                  </div>
                  <div class="XtHYs6b _23mjPqH _3I8IL21 _2hWulPn">
                    <svg viewbox="90.471 302.809 823 823"
                         width="16"
                         height="16"
                         class="ok0b0 _2i1J5LZ _3I8IL21 _3aYMZP4"
                    >
                      <path d="M365.407 1022.185L90.677 747.457l67.883-67.882L365.406 886.42l479.977-479.988 67.883 67.882">
                      </path>
                    </svg>
                  </div>
                </div>
                <div class="_3Wawfpk _1gC-UcE _2hWulPn">
                  <div class="uawduSk KVtckEy jrs6E0P q_zaKu2 Fma3ySd _2hWulPn">
                    This is a checkbox
                  </div>
                </div>
              </label>
            </div>
          </div>
        </div>
      </div>
    </div>
    <script>
      window.__SKU_CLIENT_CONTEXT__ = {"site":"seekAnz"};
    </script>
    <script id="__LOADABLE_REQUIRED_CHUNKS__"
            type="application/json"
            crossorigin="anonymous"
    >
      [3,1]
    </script>
    <script async
            data-chunk="main"
            src="https://somecdn.com/runtime-73d4c35b292b6d8c2f97.js"
            crossorigin="anonymous"
    >
    </script>
    <script async
            data-chunk="main"
            src="https://somecdn.com/vendors~main-bfa90a162a6e1924b354.js"
            crossorigin="anonymous"
    >
    </script>
    <script async
            data-chunk="main"
            src="https://somecdn.com/main-c5be38cdbae32863bf90.js"
            crossorigin="anonymous"
    >
    </script>
    <script async
            data-chunk="themes-seekAnz"
            src="https://somecdn.com/vendors~themes-seekAnz-302b84e7a4f076110245.js"
            crossorigin="anonymous"
    >
    </script>
    <script async
            data-chunk="themes-seekAnz"
            src="https://somecdn.com/themes-seekAnz-8546c88498995652ca57.js"
            crossorigin="anonymous"
    >
    </script>
  </body>
</html>
,
  "themes-jobStreet-2a20d70cbd28cabc0eac.js": "CONTENTS IGNORED IN SNAPSHOT TEST",
  "themes-jobStreet.render.js": "CONTENTS IGNORED IN SNAPSHOT TEST",
  "themes-seekAnz-8546c88498995652ca57.js": "CONTENTS IGNORED IN SNAPSHOT TEST",
  "themes-seekAnz.render.js": "CONTENTS IGNORED IN SNAPSHOT TEST",
  "vendors~main-52eca94bda84f4429862.css": ._1dX-8s8 {
  opacity: 0;
  position: absolute;
  height: 0;
  width: 0;
}
._35Ioi_K {
  display: -webkit-flex;
  display: -ms-flexbox;
  display: flex;
}
._1dX-8s8:not(:disabled) ~ .NFLsa03 ._35Ioi_K {
  cursor: pointer;
}
._3Xptkwh {
  -webkit-flex-shrink: 0;
  -ms-flex-negative: 0;
  flex-shrink: 0;
  position: relative;
  padding: 4px;
}
._24M9u8W {
  position: absolute;
  top: 0;
  left: 0;
  right: 0;
  bottom: 0;
}
._2UGcf08 {
  opacity: 0;
  z-index: 1;
}
._1dX-8s8:not(:disabled) ~ .NFLsa03 ._35Ioi_K:hover > * > ._2UGcf08 {
  opacity: 1;
}
._1wBAZRF {
  opacity: 0;
  z-index: 1;
}
._1dX-8s8:focus ~ .NFLsa03 > * > * > ._1wBAZRF {
  opacity: 1;
}
._2YXhog3 {
  opacity: 0;
  z-index: 2;
}
.ks2-dcZ {
  opacity: 0;
  z-index: 3;
}
._1dX-8s8:checked ~ .NFLsa03 > * > * > .ks2-dcZ {
  opacity: 1;
}
._3xrNzjG {
  z-index: 4;
}
._1dX-8s8:disabled ~ .NFLsa03 > * > * > ._2YXhog3 {
  opacity: 1;
}
.XtHYs6b {
  opacity: 0;
  -webkit-transform: scale(0.7);
  transform: scale(0.7);
  position: relative;
  z-index: 5;
  height: 100%;
}
._1dX-8s8:checked ~ .NFLsa03 > * > * > .XtHYs6b {
  -webkit-transform: none;
  transform: none;
  opacity: 1;
}
.GPT10kl {
  display: none;
}
._1dX-8s8:checked ~ .NFLsa03 > .GPT10kl {
  display: block;
}
.uawduSk {
  display: block;
}
._1KBZpKH {
  display: list-item;
  list-style: disc;
  margin-left: 1.3em;
}
,
  "vendors~main-bfa90a162a6e1924b354.js": "CONTENTS IGNORED IN SNAPSHOT TEST",
  "vendors~themes-jobStreet-1ca64a26f785b457ce7c.css": ._1Bydd8i,
._3m5s-Uv,
._3Ec8aTw,
._3ejvrxH,
._2uSXnSz,
.p_zBGtn,
._1wZ47Tr,
._21pXefl,
._2xPTAH9,
._3-oWeaR,
.ipZuO4d,
._1hM3KpJ,
._35y1Kq9,
.elG319U,
._2ywNINo,
._1TeQxu4,
._2qn0B3l,
._2mEoBF6,
._1LNURdT,
._3LQMxNl,
._1rwaPkC,
._22FCfDb,
._2hWulPn,
._1qhdRMN,
._1AMgZ-3,
.l05RZdU,
._9nOcKfD,
._1p-IDMc,
._2iCQsvp,
._3VpH9g6,
.xtcqP8F,
.ZACdnSs,
._2WGlOOR,
._3zsDs7w,
._37ubtp0,
._1PcsXWf,
.XOYsd-N,
.OvbmEux,
._3ahp6k5,
._12XqVHo,
._3jMoSxL,
._1UW6fMz,
._3LVBE7F,
._3-9kCWr,
.Fx8R73_,
._6302rDt,
.AeMe98j,
._3i51Hlh,
._2RA-qTw,
._3FokdEy,
._1yK0Dqn,
._2Rt9Z8R,
.Oo3cAUh,
._1PDh8i1,
._10ApcjR,
._3cIfJI5,
.msQZYg0,
.OuQoLP2,
._3pgMTzV,
._2nNCCeQ,
._2BV75It,
.WPmlzaq,
._1CPH4Gr,
._4upG9jN,
._11DuS8a,
._1sVSwah,
._2H9uzAB,
.KJythZc,
._1KFVrvx,
._3dblBw6,
.kRcNnQw,
._2GK-DcV,
._1Z66Aum,
._2zKsBKa,
._1B84Udr,
._2L6Psfz,
._3AFCFPX,
._1y-Tyrk,
._2rVhKHX,
._1yqQcJx,
._31tko8M,
._15AvZrc,
._2iD0jkR,
._3nt__rH {
  margin: 0;
  padding: 0;
  border: 0;
  box-sizing: border-box;
  font-size: 100%;
  font: inherit;
  vertical-align: baseline;
}
.p_zBGtn,
._1wZ47Tr,
._1rwaPkC,
._2iCQsvp,
._3VpH9g6,
.xtcqP8F,
._3ahp6k5,
._12XqVHo,
._2Rt9Z8R,
.Oo3cAUh,
._1CPH4Gr {
  display: block;
}
._1hM3KpJ {
  line-height: 1;
}
._10ApcjR,
._2iD0jkR {
  list-style: none;
}
.ipZuO4d,
._3pgMTzV {
  quotes: none;
}
.ipZuO4d:after,
.ipZuO4d:before,
._3pgMTzV:after,
._3pgMTzV:before {
  content: "";
}
._2GK-DcV {
  border-collapse: collapse;
  border-spacing: 0;
}
._1yK0Dqn {
  background-color: transparent;
  color: inherit;
}
._4upG9jN {
  -webkit-appearance: none;
  -moz-appearance: none;
  appearance: none;
}
._1fOdtCT {
  font-size: 14px;
  line-height: 20px;
}
.KttKbje {
  font-size: 16px;
  line-height: 24px;
}
._3sZuC7v {
  font-size: 28px;
  line-height: 36px;
}
._3s5x0r5 {
  font-size: 24px;
  line-height: 32px;
}
.ybvs1SA {
  font-size: 20px;
  line-height: 28px;
}
.tjEElDw {
  background-color: #fff;
}
._29quY5D {
  background-color: #eee;
}
._3HVeA53 {
  background-color: #142d69;
}
._3a-UtWM {
  background-color: #102454;
}
.W_eZ7Us {
  background-color: #18367e;
}
._216Cccz {
  background-color: #ccc;
}
.GoE8q04 {
  background-color: #fff200;
}
._2lhr6U6 {
  background-color: #ccc200;
}
._1Z1YK_v {
  background-color: #e6da00;
}
._3qtMq1X {
  background-color: #e8ebf4;
}
._1bY3Hu- {
  background-color: #142d69;
}
._3WKfgHM {
  background-color: #eef2fc;
}
._3GXa3GS {
  background-color: #fff;
}
._2GWtmvZ {
  background-color: #eb0000;
}
._3c4NWmL {
  background-color: #fdeded;
}
._1MqcrjI {
  background-color: green;
}
.SG-S7K9 {
  background-color: #edfded;
}
._3GKtGT_ {
  border-radius: 3px;
}
._3aStZLC {
  box-shadow: 0 0 0 2px rgba(66, 139, 202, 0.7);
}
.Z6b8izW {
  box-shadow: inset 0 0 0 1px #ccc;
}
._3DT-trK {
  box-shadow: inset 0 0 0 1px #eb0000;
}
._7yGCqRQ {
  box-shadow: inset 0 0 0 1px #142d69;
}
._2BlSC93 {
  box-shadow: inset 0 0 0 2px #142d69;
}
._67c5_FJ {
  color: #333;
}
._3A4VjHZ {
  color: #1c3f94;
}
._3A4VjHZ:focus,
._3A4VjHZ:hover {
  color: #142d69;
}
._1LVqOij {
  color: #333;
}
._2Hb9gdL {
  color: #fff;
}
._39rSjvt {
  color: #eb0000;
}
._3p5TnIy {
  color: #d00;
}
._3zUQQuo,
._2wDOJee {
  color: green;
}
._25E6VAW {
  color: rgba(51, 51, 51, 0.7);
}
.nJB0E6I,
.RviV6tt,
._3nyp-JB {
  color: #142d69;
}
._1bP4_2E {
  color: #333;
}
._21ci0Je {
  fill: currentColor;
}
._1FOGbNY {
  fill: #142d69;
}
._137YIrv {
  fill: #ccc;
}
.FH-sslG {
  fill: #eb0000;
}
._34uCSnp {
  fill: #d00;
}
._1Nv9sw0,
._3wnxh7T {
  fill: #142d69;
}
._28W280L,
._2gnhm48 {
  fill: green;
}
._1j0HYQ1 {
  fill: rgba(51, 51, 51, 0.7);
}
._3h2dxib {
  fill: #fff;
}
._3QI-N4q {
  font-family: Helvetica Neue, HelveticaNeue, Helvetica, Arial, sans-serif;
}
._1uljWUb {
  font-weight: 400;
}
._7UqJxpT {
  font-weight: 500;
}
._3vAxuDA {
  font-weight: 600;
}
._2m2WnIj {
  width: 100%;
}
._3gjV5Sc {
  margin-top: 0;
}
._3gHrWxX {
  margin-top: 4px;
}
._2iosthm {
  margin-top: 8px;
}
._38nxor0 {
  margin-top: 12px;
}
._2h1szhW {
  margin-top: 16px;
}
._3syZsFY {
  margin-top: 24px;
}
._2bWasSq {
  margin-top: 32px;
}
._11I-lp9 {
  margin-top: 64px;
}
._1HhZByV {
  margin-right: 0;
}
._3JXyZ4K {
  margin-right: 20px;
}
._1l2TY0N {
  margin-right: 4px;
}
._1tGTmtf {
  margin-right: 8px;
}
.d6S3jF3 {
  margin-right: 12px;
}
._29A7k4T {
  margin-right: 16px;
}
._33qGbSR {
  margin-right: 24px;
}
._3pBRLNH {
  margin-right: 32px;
}
.OolKOe1 {
  margin-right: 64px;
}
.WPqZIL5 {
  margin-bottom: 0;
}
._2nzjQgn {
  margin-bottom: 4px;
}
._3mfYnGW {
  margin-bottom: 8px;
}
._2iExaL4 {
  margin-bottom: 12px;
}
._1r_3bli {
  margin-bottom: 16px;
}
.UKZgqHA {
  margin-bottom: 24px;
}
._3h1bF05 {
  margin-bottom: 32px;
}
._27Zd3mm {
  margin-bottom: 64px;
}
._2FkOLgo {
  margin-left: 0;
}
._1Rz9Xni {
  margin-left: 20px;
}
.pP08Dei {
  margin-left: 4px;
}
._1D4lQD_ {
  margin-left: 8px;
}
._1ANTNed {
  margin-left: 12px;
}
._2_c_anC {
  margin-left: 16px;
}
._2Q76AI3 {
  margin-left: 24px;
}
._239fZGd {
  margin-left: 32px;
}
._3Lyn88j {
  margin-left: 64px;
}
._6YKhJ2Z {
  padding-top: 0;
}
.G2B89IF {
  padding-top: 4px;
}
.JId4Bdt {
  padding-top: 8px;
}
._1yaNXa4 {
  padding-top: 12px;
}
.J8cebu1 {
  padding-top: 16px;
}
._3PB-Cs_ {
  padding-top: 24px;
}
._1Tr7ns9 {
  padding-top: 32px;
}
._33M-7LK {
  padding-top: 64px;
}
._3LC2JOa {
  padding-right: 0;
}
._3l1ThKJ {
  padding-right: 20px;
}
._2TET5N0 {
  padding-right: 4px;
}
.ZFa23xD {
  padding-right: 8px;
}
._1ErSxMr {
  padding-right: 12px;
}
._1OC-6ra {
  padding-right: 16px;
}
._3PeIhmV {
  padding-right: 24px;
}
._2sIMusO {
  padding-right: 32px;
}
._2QH4tY7 {
  padding-right: 64px;
}
._36h-NNP {
  padding-bottom: 0;
}
._1zQaNIY {
  padding-bottom: 4px;
}
._1taFJQ7 {
  padding-bottom: 8px;
}
._3-sRdu2 {
  padding-bottom: 12px;
}
.KAZLR7l {
  padding-bottom: 16px;
}
._1Rfgsxh {
  padding-bottom: 24px;
}
._3yqDAG5 {
  padding-bottom: 32px;
}
.Z5ylNzx {
  padding-bottom: 64px;
}
.FfzL0Jt {
  padding-left: 0;
}
._2sEqXpl {
  padding-left: 20px;
}
.PUcb488 {
  padding-left: 4px;
}
._3MBYB1M {
  padding-left: 8px;
}
._2JS9KPx {
  padding-left: 12px;
}
._1e0bok1 {
  padding-left: 16px;
}
.GWN_E4o {
  padding-left: 24px;
}
._3soOc1j {
  padding-left: 32px;
}
._2spb1HW {
  padding-left: 64px;
}
._1lI5b1D {
  padding-top: 12px;
}
._1YF8ILC {
  padding-bottom: 12px;
}
._1M-v796 {
  display: block;
}
.Gl55YNY {
  display: inline;
}
._1ZsCI9Z {
  display: none;
}
._25aZAIm {
  display: inline-block;
}
.SjNzSEG {
  display: -webkit-flex;
  display: -ms-flexbox;
  display: flex;
}
._1kszl6t {
  -webkit-transform: translateY(0.34428571em);
  transform: translateY(0.34428571em);
}
._2SGheKa {
  -webkit-transform: translateY(0.38em);
  transform: translateY(0.38em);
}
._9VtoS9o {
  -webkit-transform: translateY(0.27285714em);
  transform: translateY(0.27285714em);
}
._3v_4K-S {
  -webkit-transform: translateY(0.29666667em);
  transform: translateY(0.29666667em);
}
._2MrIBim {
  -webkit-transform: translateY(0.33em);
  transform: translateY(0.33em);
}
._3VxAPxy:active {
  -webkit-transform: scale(0.98);
  transform: scale(0.98);
}
._2AY9T17 {
  transition: opacity 0.125s ease, -webkit-transform 0.125s ease;
  transition: transform 0.125s ease, opacity 0.125s ease;
  transition: transform 0.125s ease, opacity 0.125s ease,
    -webkit-transform 0.125s ease;
}
._1o52nOq {
  transition: -webkit-transform 0.2s cubic-bezier(0.02, 1.505, 0.745, 1.235);
  transition: transform 0.2s cubic-bezier(0.02, 1.505, 0.745, 1.235);
  transition: transform 0.2s cubic-bezier(0.02, 1.505, 0.745, 1.235),
    -webkit-transform 0.2s cubic-bezier(0.02, 1.505, 0.745, 1.235);
}
._3cZ1bQe {
  -webkit-flex-direction: row;
  -ms-flex-direction: row;
  flex-direction: row;
}
._3pn6hu6 {
  -webkit-flex-direction: column;
  -ms-flex-direction: column;
  flex-direction: column;
}
@media screen and (min-width: 768px) {
  ._1fOdtCT {
    font-size: 14px;
    line-height: 20px;
  }
  .KttKbje {
    font-size: 16px;
    line-height: 24px;
  }
  ._3sZuC7v {
    font-size: 36px;
    line-height: 44px;
  }
  ._3s5x0r5 {
    font-size: 30px;
    line-height: 36px;
  }
  .ybvs1SA {
    font-size: 24px;
    line-height: 32px;
  }
  ._3_trbrq {
    margin-top: 0;
  }
  ._3jVwqqV {
    margin-top: 4px;
  }
  ._2C2H-6A {
    margin-top: 8px;
  }
  ._3HYmrAP {
    margin-top: 12px;
  }
  .YMKCKBo {
    margin-top: 16px;
  }
  ._3Het-QI {
    margin-top: 24px;
  }
  ._2wUMCgK {
    margin-top: 32px;
  }
  .N6AWmZI {
    margin-top: 64px;
  }
  ._2bgGy4k {
    margin-right: 0;
  }
  ._2wom4xq {
    margin-right: 20px;
  }
  ._1p-qj1r {
    margin-right: 4px;
  }
  .NxrESKT {
    margin-right: 8px;
  }
  ._2Xht8jM {
    margin-right: 12px;
  }
  ._2BDQx_q {
    margin-right: 16px;
  }
  ._3WfcYf8 {
    margin-right: 24px;
  }
  ._1wERHE- {
    margin-right: 32px;
  }
  ._1NujTQu {
    margin-right: 64px;
  }
  .i3poaU8 {
    margin-bottom: 0;
  }
  ._3kzKNV5 {
    margin-bottom: 4px;
  }
  ._33F_zWa {
    margin-bottom: 8px;
  }
  ._1Uq7I7b {
    margin-bottom: 12px;
  }
  ._1MD6Un9 {
    margin-bottom: 16px;
  }
  ._3ekQsBc {
    margin-bottom: 24px;
  }
  ._1xJYuad {
    margin-bottom: 32px;
  }
  ._2TIyUYh {
    margin-bottom: 64px;
  }
  ._2Sl2RNP {
    margin-left: 0;
  }
  ._1FSpEe0 {
    margin-left: 20px;
  }
  ._21SmaTV {
    margin-left: 4px;
  }
  ._2adEKAI {
    margin-left: 8px;
  }
  ._15s_M3T {
    margin-left: 12px;
  }
  ._3viVS9H {
    margin-left: 16px;
  }
  ._2fV0TrR {
    margin-left: 24px;
  }
  .t_AWo9a {
    margin-left: 32px;
  }
  ._2GLfdMC {
    margin-left: 64px;
  }
  ._2NlgzIS {
    padding-top: 0;
  }
  ._1U1LOR9 {
    padding-top: 4px;
  }
  ._3Sh3fzg {
    padding-top: 8px;
  }
  ._2tfS7kP {
    padding-top: 12px;
  }
  .g11cKVR {
    padding-top: 16px;
  }
  ._1_R3Odx {
    padding-top: 24px;
  }
  ._1Ee4EX3 {
    padding-top: 32px;
  }
  ._1ZN9zLr {
    padding-top: 64px;
  }
  ._32q7cQd {
    padding-right: 0;
  }
  ._1GnsUFc {
    padding-right: 20px;
  }
  .O2bCFDX {
    padding-right: 4px;
  }
  ._2OYGqyq {
    padding-right: 8px;
  }
  ._1Qlut_q {
    padding-right: 12px;
  }
  ._3yn-P2I {
    padding-right: 16px;
  }
  ._2bxon6C {
    padding-right: 24px;
  }
  ._2UDCVdR {
    padding-right: 32px;
  }
  .qb-De9x {
    padding-right: 64px;
  }
  ._3Ir78-C {
    padding-bottom: 0;
  }
  ._2Y3RJOq {
    padding-bottom: 4px;
  }
  .Nw7CYI6 {
    padding-bottom: 8px;
  }
  .HOBSnCR {
    padding-bottom: 12px;
  }
  ._3PrLsdW {
    padding-bottom: 16px;
  }
  .qba67Yq {
    padding-bottom: 24px;
  }
  .TXoVx1y {
    padding-bottom: 32px;
  }
  .zvil2sY {
    padding-bottom: 64px;
  }
  .C3WbEiz {
    padding-left: 0;
  }
  .tRzk5_h {
    padding-left: 20px;
  }
  ._2kyytyn {
    padding-left: 4px;
  }
  ._2HMKBnT {
    padding-left: 8px;
  }
  ._3Hlz5t6 {
    padding-left: 12px;
  }
  ._3SMY3kk {
    padding-left: 16px;
  }
  ._1M9fewK {
    padding-left: 24px;
  }
  ._3ZeQafX {
    padding-left: 32px;
  }
  .atLUAPB {
    padding-left: 64px;
  }
  ._2opApCX {
    padding-top: 12px;
  }
  ._2AcmBRp {
    padding-bottom: 12px;
  }
  ._1NSNIlw {
    display: block;
  }
  ._1SFKf0Z {
    display: inline;
  }
  ._3DTGqpW {
    display: none;
  }
  .N7gwhg4 {
    display: inline-block;
  }
  ._14zKxQN {
    display: -webkit-flex;
    display: -ms-flexbox;
    display: flex;
  }
  ._9VtoS9o {
    -webkit-transform: translateY(0.24111111em);
    transform: translateY(0.24111111em);
  }
  ._3v_4K-S {
    -webkit-transform: translateY(0.23em);
    transform: translateY(0.23em);
  }
  ._2MrIBim {
    -webkit-transform: translateY(0.29666667em);
    transform: translateY(0.29666667em);
  }
  ._63KHn5_ {
    -webkit-flex-direction: row;
    -ms-flex-direction: row;
    flex-direction: row;
  }
  ._1scQ8Qp {
    -webkit-flex-direction: column;
    -ms-flex-direction: column;
    flex-direction: column;
  }
}
._1Fuj5 {
  vertical-align: middle;
  position: relative;
  top: -0.105em;
}
.ok0b0 {
  height: 100%;
}
._23cBn {
  justify-content: flex-end;
}
._1WUmg {
  flex-grow: 1;
}
._1lECq {
  flex-shrink: 0;
  flex-grow: 0;
}
._2LrMw_266 {
  width: 14px;
  height: 14px;
}
._9QCnH_266 {
  width: 16px;
  height: 16px;
}
._2e0KS_266 {
  width: 20px;
  height: 20px;
}
._1Cibk_266 {
  width: 24px;
  height: 24px;
}
._3MBbL_266 {
  min-height: 20px;
}
,
  "vendors~themes-jobStreet-409d4a2198acaf3d380d.js": "CONTENTS IGNORED IN SNAPSHOT TEST",
  "vendors~themes-jobStreet.render.js": "CONTENTS IGNORED IN SNAPSHOT TEST",
  "vendors~themes-jobStreet~themes-seekAnz.render.js": "CONTENTS IGNORED IN SNAPSHOT TEST",
  "vendors~themes-seekAnz-302b84e7a4f076110245.js": "CONTENTS IGNORED IN SNAPSHOT TEST",
  "vendors~themes-seekAnz-b163db057f6d91fa5a6c.css": ._1Bydd8i,
._3m5s-Uv,
._3Ec8aTw,
._3ejvrxH,
._2uSXnSz,
.p_zBGtn,
._1wZ47Tr,
._21pXefl,
._2xPTAH9,
._3-oWeaR,
.ipZuO4d,
._1hM3KpJ,
._35y1Kq9,
.elG319U,
._2ywNINo,
._1TeQxu4,
._2qn0B3l,
._2mEoBF6,
._1LNURdT,
._3LQMxNl,
._1rwaPkC,
._22FCfDb,
._2hWulPn,
._1qhdRMN,
._1AMgZ-3,
.l05RZdU,
._9nOcKfD,
._1p-IDMc,
._2iCQsvp,
._3VpH9g6,
.xtcqP8F,
.ZACdnSs,
._2WGlOOR,
._3zsDs7w,
._37ubtp0,
._1PcsXWf,
.XOYsd-N,
.OvbmEux,
._3ahp6k5,
._12XqVHo,
._3jMoSxL,
._1UW6fMz,
._3LVBE7F,
._3-9kCWr,
.Fx8R73_,
._6302rDt,
.AeMe98j,
._3i51Hlh,
._2RA-qTw,
._3FokdEy,
._1yK0Dqn,
._2Rt9Z8R,
.Oo3cAUh,
._1PDh8i1,
._10ApcjR,
._3cIfJI5,
.msQZYg0,
.OuQoLP2,
._3pgMTzV,
._2nNCCeQ,
._2BV75It,
.WPmlzaq,
._1CPH4Gr,
._4upG9jN,
._11DuS8a,
._1sVSwah,
._2H9uzAB,
.KJythZc,
._1KFVrvx,
._3dblBw6,
.kRcNnQw,
._2GK-DcV,
._1Z66Aum,
._2zKsBKa,
._1B84Udr,
._2L6Psfz,
._3AFCFPX,
._1y-Tyrk,
._2rVhKHX,
._1yqQcJx,
._31tko8M,
._15AvZrc,
._2iD0jkR,
._3nt__rH {
  margin: 0;
  padding: 0;
  border: 0;
  box-sizing: border-box;
  font-size: 100%;
  font: inherit;
  vertical-align: baseline;
}
.p_zBGtn,
._1wZ47Tr,
._1rwaPkC,
._2iCQsvp,
._3VpH9g6,
.xtcqP8F,
._3ahp6k5,
._12XqVHo,
._2Rt9Z8R,
.Oo3cAUh,
._1CPH4Gr {
  display: block;
}
._1hM3KpJ {
  line-height: 1;
}
._10ApcjR,
._2iD0jkR {
  list-style: none;
}
.ipZuO4d,
._3pgMTzV {
  quotes: none;
}
.ipZuO4d:after,
.ipZuO4d:before,
._3pgMTzV:after,
._3pgMTzV:before {
  content: "";
}
._2GK-DcV {
  border-collapse: collapse;
  border-spacing: 0;
}
._1yK0Dqn {
  background-color: transparent;
  color: inherit;
}
._4upG9jN {
  -webkit-appearance: none;
  -moz-appearance: none;
  appearance: none;
}
.q_zaKu2 {
  font-size: 16px;
  line-height: 24px;
}
.VSg3pEj {
  font-size: 18px;
  line-height: 24px;
}
._3BWgckm {
  font-size: 28px;
  line-height: 36px;
}
._3sMRQ2Y,
._2YkK3W6 {
  font-size: 21px;
  line-height: 30px;
}
._394UCCL {
  background-color: #fff;
}
._2Y43TAr {
  background-color: #eee;
}
._3dzarUt {
  background-color: #2765cf;
}
._2hVb5ki {
  background-color: #235bba;
}
._3eGlO60 {
  background-color: #3672d9;
}
._1KOiHXe {
  background-color: #ccc;
}
._1nclpJl {
  background-color: #e60278;
}
._2wdo37X {
  background-color: #cd026b;
}
.r8SAh24 {
  background-color: #fd0585;
}
._30ucclQ {
  background-color: #f5f8ff;
}
._1qTaVwi {
  background-color: #9556b7;
}
._1Q4lop7 {
  background-color: #f6f1f9;
}
._37_kv98 {
  background-color: #fff;
}
.HeGe2yr {
  background-color: #e60278;
}
._1GX-4NT {
  background-color: #fdedf5;
}
._1BGG2bt {
  background-color: #169400;
}
._3anc75i {
  background-color: #effded;
}
._2zmFLWc {
  border-radius: 4px;
}
.t6HGfLe {
  box-shadow: 0 0 0 2px rgba(30, 144, 255, 0.7);
}
._39plsQq {
  box-shadow: inset 0 0 0 1px #d6d6d6;
}
.z_YJxP2 {
  box-shadow: inset 0 0 0 1px #e60278;
}
._1mIArWr {
  box-shadow: inset 0 0 0 1px #2765cf;
}
._2kg0Aoq {
  box-shadow: inset 0 0 0 2px #2765cf;
}
.jrs6E0P {
  color: #1c1c1c;
}
._1D1g0RZ {
  color: #2765cf;
}
._2D6jimC {
  color: #1c1c1c;
}
._1eJA8bA {
  color: #fff;
}
._3x-nuXt {
  color: #e60278;
}
._2TFVkjg {
  color: #d60170;
}
._30tPG1N {
  color: #169400;
}
._3FLPkE7 {
  color: #148500;
}
._1fTiphs {
  color: rgba(28, 28, 28, 0.63);
}
._2Ky36ZR {
  color: #9556b7;
}
._22XwK4y {
  color: #9254b4;
}
._1fi7h6D {
  color: #2765cf;
}
.iMfIk4H {
  color: #fff;
}
._2VOTQnw {
  fill: currentColor;
}
.HQauWBG {
  fill: #2765cf;
}
.plz0e6K {
  fill: #ccc;
}
.cfS32TE {
  fill: #e60278;
}
._32ZsgmT {
  fill: #d60170;
}
.W4Jlx6m {
  fill: #9556b7;
}
._3KaPvZL {
  fill: #9254b4;
}
._3B-2znZ {
  fill: #169400;
}
.s6tS0LT {
  fill: #148500;
}
._2j92x1p {
  fill: rgba(28, 28, 28, 0.63);
}
._2i1J5LZ {
  fill: #fff;
}
.KVtckEy {
  font-family: Roboto, Helvetica Neue, HelveticaNeue, Helvetica, Arial,
    sans-serif;
}
.Fma3ySd {
  font-weight: 400;
}
.SCKfMP_ {
  font-weight: 500;
}
._3EZipN8 {
  font-weight: 600;
}
._3I8IL21 {
  width: 100%;
}
._1yrZGTV {
  margin-top: 0;
}
._38ZMoJv {
  margin-top: 6px;
}
._3y0cJEs {
  margin-top: 12px;
}
._1IQYKds {
  margin-top: 18px;
}
._1DXQu0k {
  margin-top: 24px;
}
._3nXl-qO {
  margin-top: 36px;
}
._3Ne0E5a {
  margin-top: 48px;
}
._1avXYmi {
  margin-top: 96px;
}
._2LwvTYt {
  margin-right: 0;
}
._7THgMRZ {
  margin-right: 25px;
}
.WEtbo7Y {
  margin-right: 5px;
}
._3FXUcPz {
  margin-right: 10px;
}
._3wo_y7Z {
  margin-right: 15px;
}
._1TU4BaU {
  margin-right: 20px;
}
._3G2e1k9 {
  margin-right: 30px;
}
._221z3ni {
  margin-right: 40px;
}
.T6uh8mB {
  margin-right: 80px;
}
._1lWUish {
  margin-bottom: 0;
}
.TWYRMop {
  margin-bottom: 6px;
}
._32Zy4Ll {
  margin-bottom: 12px;
}
.FE0T10_ {
  margin-bottom: 18px;
}
._1U23c0n {
  margin-bottom: 24px;
}
._1INhHzj {
  margin-bottom: 36px;
}
.R2bAivz {
  margin-bottom: 48px;
}
.m9HsRyn {
  margin-bottom: 96px;
}
._16VxhGJ {
  margin-left: 0;
}
._1OiMv0b {
  margin-left: 25px;
}
._3om63yd {
  margin-left: 5px;
}
._17d2Sbd {
  margin-left: 10px;
}
._1w0rv7C {
  margin-left: 15px;
}
._2Y4U0UG {
  margin-left: 20px;
}
.pC221oi {
  margin-left: 30px;
}
._2IxPXwo {
  margin-left: 40px;
}
._3PS0IQi {
  margin-left: 80px;
}
._2-Z1Uff {
  padding-top: 0;
}
.kqPVS0l {
  padding-top: 6px;
}
._2hA1hey {
  padding-top: 12px;
}
._1r_eufi {
  padding-top: 18px;
}
._3vD1fbj {
  padding-top: 24px;
}
.WK9FqUl {
  padding-top: 36px;
}
._3neYo1y {
  padding-top: 48px;
}
._2XdWP9r {
  padding-top: 96px;
}
._3LCYgNA {
  padding-right: 0;
}
._2D9F5kM {
  padding-right: 25px;
}
.Zgd6UG0 {
  padding-right: 5px;
}
._24ObQXh {
  padding-right: 10px;
}
._3M_2n4I {
  padding-right: 15px;
}
._12UjEI2 {
  padding-right: 20px;
}
._2ip0U_8 {
  padding-right: 30px;
}
.jFBEYHc {
  padding-right: 40px;
}
._2s2eW2V {
  padding-right: 80px;
}
._37jjZ12 {
  padding-bottom: 0;
}
._2qQCsBq {
  padding-bottom: 6px;
}
._1AnG8jc {
  padding-bottom: 12px;
}
.OjLV8CE {
  padding-bottom: 18px;
}
.Gj_SHo3 {
  padding-bottom: 24px;
}
._2Xtmtdp {
  padding-bottom: 36px;
}
._21WOh89 {
  padding-bottom: 48px;
}
.X2WpowT {
  padding-bottom: 96px;
}
.JZ024Ef {
  padding-left: 0;
}
.iLXMYFS {
  padding-left: 25px;
}
._2cfJMLL {
  padding-left: 5px;
}
._1qsvNP8 {
  padding-left: 10px;
}
._3dSyiHO {
  padding-left: 15px;
}
._2Y5yggA {
  padding-left: 20px;
}
._2QQtzOL {
  padding-left: 30px;
}
._3uD-iAl {
  padding-left: 40px;
}
._8w0sZ0y {
  padding-left: 80px;
}
._3Wawfpk {
  padding-top: 12px;
}
._1gC-UcE {
  padding-bottom: 12px;
}
._3aYMZP4 {
  display: block;
}
._17qIG2i {
  display: inline;
}
._1qywzId {
  display: none;
}
._2DZeWI_ {
  display: inline-block;
}
._3LhMKe7 {
  display: -webkit-flex;
  display: -ms-flexbox;
  display: flex;
}
._1C2ssbh {
  -webkit-transform: translateY(0.41em);
  transform: translateY(0.41em);
}
._2EFVcs5 {
  -webkit-transform: translateY(0.32666667em);
  transform: translateY(0.32666667em);
}
._1M7AYaL {
  -webkit-transform: translateY(0.30285714em);
  transform: translateY(0.30285714em);
}
._1Qm1H2c,
._1CoiQF1 {
  -webkit-transform: translateY(0.37428571em);
  transform: translateY(0.37428571em);
}
.rMcKYaQ:active {
  -webkit-transform: scale(0.95);
  transform: scale(0.95);
}
._23mjPqH {
  transition: opacity 0.125s ease, -webkit-transform 0.125s ease;
  transition: transform 0.125s ease, opacity 0.125s ease;
  transition: transform 0.125s ease, opacity 0.125s ease,
    -webkit-transform 0.125s ease;
}
.EL3r31X {
  transition: -webkit-transform 0.2s cubic-bezier(0.02, 1.505, 0.745, 1.235);
  transition: transform 0.2s cubic-bezier(0.02, 1.505, 0.745, 1.235);
  transition: transform 0.2s cubic-bezier(0.02, 1.505, 0.745, 1.235),
    -webkit-transform 0.2s cubic-bezier(0.02, 1.505, 0.745, 1.235);
}
._10VAsdX {
  -webkit-flex-direction: row;
  -ms-flex-direction: row;
  flex-direction: row;
}
.pQo5jqO {
  -webkit-flex-direction: column;
  -ms-flex-direction: column;
  flex-direction: column;
}
@media screen and (min-width: 740px) {
  .q_zaKu2 {
    font-size: 16px;
    line-height: 24px;
  }
  .VSg3pEj {
    font-size: 18px;
    line-height: 24px;
  }
  ._3BWgckm {
    font-size: 42px;
    line-height: 48px;
  }
  ._3sMRQ2Y {
    font-size: 28px;
    line-height: 36px;
  }
  ._2YkK3W6 {
    font-size: 21px;
    line-height: 30px;
  }
  ._1b-iTdh {
    margin-top: 0;
  }
  ._2_Afp4A {
    margin-top: 6px;
  }
  ._32Bu88t {
    margin-top: 12px;
  }
  .QO5chT3 {
    margin-top: 18px;
  }
  ._1YvCxQi {
    margin-top: 24px;
  }
  .Lvt446Z {
    margin-top: 36px;
  }
  ._1ls52Fl {
    margin-top: 48px;
  }
  ._2B_IDeD {
    margin-top: 96px;
  }
  .moM2G2k {
    margin-right: 0;
  }
  ._3dTjrkn {
    margin-right: 25px;
  }
  ._1_zF0aH {
    margin-right: 5px;
  }
  ._2ojbH-n {
    margin-right: 10px;
  }
  ._3MO4r4E {
    margin-right: 15px;
  }
  ._2M29ETs {
    margin-right: 20px;
  }
  .Sw1P__q {
    margin-right: 30px;
  }
  ._1-_7cek {
    margin-right: 40px;
  }
  ._22edAWh {
    margin-right: 80px;
  }
  ._2YaJpR0 {
    margin-bottom: 0;
  }
  ._1O0AIqJ {
    margin-bottom: 6px;
  }
  ._3BfwNib {
    margin-bottom: 12px;
  }
  .bUl3T4A {
    margin-bottom: 18px;
  }
  ._1n6vgLc {
    margin-bottom: 24px;
  }
  ._2D_j4Ok {
    margin-bottom: 36px;
  }
  ._2SSgsiT {
    margin-bottom: 48px;
  }
  .Kycwz9f {
    margin-bottom: 96px;
  }
  ._3fFM_C_ {
    margin-left: 0;
  }
  ._1YzaOlW {
    margin-left: 25px;
  }
  ._20wVpLK {
    margin-left: 5px;
  }
  ._1npKjDi {
    margin-left: 10px;
  }
  ._3aTa0Tx {
    margin-left: 15px;
  }
  ._3USmHTr {
    margin-left: 20px;
  }
  ._1OPRfJQ {
    margin-left: 30px;
  }
  .J2MXL-e {
    margin-left: 40px;
  }
  ._2uLFP-Z {
    margin-left: 80px;
  }
  ._1aYIxgo {
    padding-top: 0;
  }
  ._1Alw3Dz {
    padding-top: 6px;
  }
  ._11BfdJB {
    padding-top: 12px;
  }
  ._3ja2Dbb {
    padding-top: 18px;
  }
  ._29KwYm9 {
    padding-top: 24px;
  }
  ._1DMIwh6 {
    padding-top: 36px;
  }
  ._30tbQbr {
    padding-top: 48px;
  }
  .De7rN6r {
    padding-top: 96px;
  }
  .N9-KHj- {
    padding-right: 0;
  }
  .Tcx4SMX {
    padding-right: 25px;
  }
  ._3GoaQNp {
    padding-right: 5px;
  }
  ._37T0cFK {
    padding-right: 10px;
  }
  .zCMx8bU {
    padding-right: 15px;
  }
  ._3yh2i7D {
    padding-right: 20px;
  }
  ._1cUtXB3 {
    padding-right: 30px;
  }
  ._2CafrVa {
    padding-right: 40px;
  }
  ._2cdJ7yD {
    padding-right: 80px;
  }
  ._2LVEoCO {
    padding-bottom: 0;
  }
  .iKlzKh5 {
    padding-bottom: 6px;
  }
  ._3THKyYJ {
    padding-bottom: 12px;
  }
  ._1pEf2yS {
    padding-bottom: 18px;
  }
  ._1AaI0S1 {
    padding-bottom: 24px;
  }
  ._3BiakVB {
    padding-bottom: 36px;
  }
  ._1ccTlRM {
    padding-bottom: 48px;
  }
  .VvmGbdU {
    padding-bottom: 96px;
  }
  ._3pRppfd {
    padding-left: 0;
  }
  ._2s42RPN {
    padding-left: 25px;
  }
  ._1-jY4zf {
    padding-left: 5px;
  }
  ._2k8kTPG {
    padding-left: 10px;
  }
  ._295AFzK {
    padding-left: 15px;
  }
  .-bKKCP_ {
    padding-left: 20px;
  }
  ._1zDToXU {
    padding-left: 30px;
  }
  ._1JQwTkw {
    padding-left: 40px;
  }
  ._3Ljkzoh {
    padding-left: 80px;
  }
  .JnE9url {
    padding-top: 12px;
  }
  .mjxr88x {
    padding-bottom: 12px;
  }
  ._1UkgDlZ {
    display: block;
  }
  ._22IKAjI {
    display: inline;
  }
  ._134YiyS {
    display: none;
  }
  .jClvaTL {
    display: inline-block;
  }
  ._1hCTH0h {
    display: -webkit-flex;
    display: -ms-flexbox;
    display: flex;
  }
  ._1M7AYaL {
    -webkit-transform: translateY(0.23142857em);
    transform: translateY(0.23142857em);
  }
  ._1Qm1H2c {
    -webkit-transform: translateY(0.30285714em);
    transform: translateY(0.30285714em);
  }
  ._2eiadtS {
    -webkit-flex-direction: row;
    -ms-flex-direction: row;
    flex-direction: row;
  }
  ._12ViODW {
    -webkit-flex-direction: column;
    -ms-flex-direction: column;
    flex-direction: column;
  }
}
._1Fuj5 {
  vertical-align: middle;
  position: relative;
  top: -0.105em;
}
.ok0b0 {
  height: 100%;
}
._23cBn {
  justify-content: flex-end;
}
._1WUmg {
  flex-grow: 1;
}
._1lECq {
  flex-shrink: 0;
  flex-grow: 0;
}
._2LrMw_3Nt {
  width: 16px;
  height: 16px;
}
._9QCnH_3Nt {
  width: 18px;
  height: 18px;
}
._1Cibk_3Nt,
._2e0KS_3Nt {
  width: 24px;
  height: 24px;
}
._3MBbL_3Nt {
  min-height: 24px;
}
,
  "vendors~themes-seekAnz.render.js": "CONTENTS IGNORED IN SNAPSHOT TEST",
}
`;
