// Jest Snapshot v1, https://goo.gl/fbAQLP

exports[`source-maps build should generate the expected files 1`] = `
Object {
  "index.html": <!DOCTYPE html>
<html>
  <head>
    <meta charset="UTF-8">
    <title>
      hello-world
    </title>
    <meta name="viewport"
          content="width=device-width, initial-scale=1"
    >
    <link data-chunk="main"
          rel="preload"
          as="script"
          href="http://localhost:4005/runtime-ca608c399704ec8213c1.js"
          crossorigin="anonymous"
    >
    <link data-chunk="main"
          rel="preload"
          as="script"
          href="http://localhost:4005/vendors~main-e9757a78cbfca70f79b3.js"
          crossorigin="anonymous"
    >
    <link data-chunk="main"
          rel="preload"
          as="script"
          href="http://localhost:4005/main-a2efc4ad92c62e6bf9a6.js"
          crossorigin="anonymous"
    >
  </head>
  <body>
    <div id="app">
      <div data-reactroot>
        Hello source maps
      </div>
    </div>
    <script id="__LOADABLE_REQUIRED_CHUNKS__"
            type="application/json"
            crossorigin="anonymous"
    >
      []
    </script>
    <script async
            data-chunk="main"
            src="http://localhost:4005/runtime-ca608c399704ec8213c1.js"
            crossorigin="anonymous"
    >
    </script>
    <script async
            data-chunk="main"
            src="http://localhost:4005/vendors~main-e9757a78cbfca70f79b3.js"
            crossorigin="anonymous"
    >
    </script>
    <script async
            data-chunk="main"
            src="http://localhost:4005/main-a2efc4ad92c62e6bf9a6.js"
            crossorigin="anonymous"
    >
    </script>
  </body>
</html>,
  "main-a2efc4ad92c62e6bf9a6.js": "CONTENTS IGNORED IN SNAPSHOT TEST",
  "main-a2efc4ad92c62e6bf9a6.js.map": "CONTENTS IGNORED IN SNAPSHOT TEST",
  "runtime-ca608c399704ec8213c1.js": "CONTENTS IGNORED IN SNAPSHOT TEST",
  "runtime-ca608c399704ec8213c1.js.map": "CONTENTS IGNORED IN SNAPSHOT TEST",
  "vendors~main-e9757a78cbfca70f79b3.js": "CONTENTS IGNORED IN SNAPSHOT TEST",
  "vendors~main-e9757a78cbfca70f79b3.js.map": "CONTENTS IGNORED IN SNAPSHOT TEST",
}
`;
