// Jest Snapshot v1, https://goo.gl/fbAQLP

exports[`library-build build should generate the expected files 1`] = `
Object {
  "MyLibrary.css": "._1ys27hL{color:red}
",
  "MyLibrary.js": "CONTENTS IGNORED IN SNAPSHOT TEST",
}
`;

exports[`library-build start should start a development server 1`] = `
Object {
  "content": "<!DOCTYPE html><html><head>
    <meta charset=\\"UTF-8\\">
    <title>My Awesome Project</title>
    <meta name=\\"viewport\\" content=\\"width=device-width, initial-scale=1\\">
    <link data-chunk=\\"main\\" rel=\\"stylesheet\\" href=\\"/MyLibrary.css\\">
<link data-chunk=\\"main\\" rel=\\"preload\\" as=\\"script\\" href=\\"/MyLibrary.js\\">
  </head>
  <body>
    <script>window.__LOADABLE_REQUIRED_CHUNKS__ = [];</script>
<script async=\\"\\" data-chunk=\\"main\\" src=\\"/MyLibrary.js\\"></script>
    <script>window.MyLibrary();</script>
  
</body></html>",
  "errors": Array [],
  "sourceHtml": "<!DOCTYPE html>
<html>
  <head>
    <meta charset=\\"UTF-8\\">
    <title>My Awesome Project</title>
    <meta name=\\"viewport\\" content=\\"width=device-width, initial-scale=1\\">
    <link data-chunk=\\"main\\" rel=\\"stylesheet\\" href=\\"/MyLibrary.css\\">
<link data-chunk=\\"main\\" rel=\\"preload\\" as=\\"script\\" href=\\"/MyLibrary.js\\">
  </head>
  <body>
    <script>window.__LOADABLE_REQUIRED_CHUNKS__ = [];</script>
<script async data-chunk=\\"main\\" src=\\"/MyLibrary.js\\"></script>
    <script>window.MyLibrary();</script>
  </body>
</html>",
  "warnings": Array [],
}
`;
