// Vitest Snapshot v1, https://vitest.dev/guide/snapshot.html

exports[`[jest]: sku-test > should pass through unknown flags to jest 1`] = `
"  console.log
    running setup test

      at Object.log (setup-test.ts:1:9)

----------|---------|----------|---------|---------|-------------------
File      | % Stmts | % Branch | % Funcs | % Lines | Uncovered Line #s 
----------|---------|----------|---------|---------|-------------------
All files |       0 |        0 |       0 |       0 |                   
----------|---------|----------|---------|---------|-------------------"
`;

exports[`[vitest]: sku-test > should pass through unknown flags to vitest 1`] = `
"
 RUN  sku/fixtures/sku-test
      Coverage enabled with v8

stdout | src/index.test.ts
running setup test

 ✓ src/index.test.ts (1 test) 0ms

 Test Files  1 passed (1)
      Tests  1 passed (1)
   Start at  00:00:00
   Duration  0ms (transform 0ms, setup 0ms, collect 0ms, tests 0ms, environment 0ms, prepare 0ms)

 % Coverage report from v8
-------------------|---------|----------|---------|---------|-------------------
File               | % Stmts | % Branch | % Funcs | % Lines | Uncovered Line #s 
-------------------|---------|----------|---------|---------|-------------------
All files          |       0 |        0 |       0 |       0 |                   
 sku.config.ts     |       0 |        0 |       0 |       0 | 1-3               
 ...nfig.vitest.ts |       0 |        0 |       0 |       0 | 1-4               
-------------------|---------|----------|---------|---------|-------------------"
`;
