// Jest Snapshot v1, https://goo.gl/fbAQLP

exports[`source-maps build should generate the expected files 1`] = `
{
  "258-019c027e1daadc938357.js": "CONTENTS IGNORED IN SNAPSHOT TEST",
  "258-019c027e1daadc938357.js.map": "CONTENTS IGNORED IN SNAPSHOT TEST",
  "index.html": SCRIPTS: [
    "/static/source-maps/runtime-c4af24a6a23c633bcca3.js",
    "/static/source-maps/258-019c027e1daadc938357.js",
    "/static/source-maps/main-307dc5e19c4d2c9ea806.js",
  ]
CSS: []
SOURCE HTML: <!DOCTYPE html>
<html>
  <head>
    <meta charset="UTF-8">
    <title>
      hello-world
    </title>
    <meta
      name="viewport"
      content="width=device-width, initial-scale=1"
    >
    <link
      data-chunk="main"
      rel="preload"
      as="script"
      href="scripts[0]"
    >
    <link
      data-chunk="main"
      rel="preload"
      as="script"
      href="scripts[1]"
    >
    <link
      data-chunk="main"
      rel="preload"
      as="script"
      href="scripts[2]"
    >
  </head>
  <body>
    <div id="app">
      <div>
        Hello source maps
      </div>
    </div>
    <script
      id="__LOADABLE_REQUIRED_CHUNKS__"
      type="application/json"
    >
      []
    </script>
    <script
      id="__LOADABLE_REQUIRED_CHUNKS___ext"
      type="application/json"
    >
      {"namedChunks":[]}
    </script>
    <script
      async
      data-chunk="main"
      src="scripts[0]"
    >
    </script>
    <script
      async
      data-chunk="main"
      src="scripts[1]"
    >
    </script>
    <script
      async
      data-chunk="main"
      src="scripts[2]"
    >
    </script>
  </body>
</html>,
  "main-307dc5e19c4d2c9ea806.js": "CONTENTS IGNORED IN SNAPSHOT TEST",
  "main-307dc5e19c4d2c9ea806.js.map": "CONTENTS IGNORED IN SNAPSHOT TEST",
  "runtime-c4af24a6a23c633bcca3.js": "CONTENTS IGNORED IN SNAPSHOT TEST",
  "runtime-c4af24a6a23c633bcca3.js.map": "CONTENTS IGNORED IN SNAPSHOT TEST",
}
`;
